Component: ARM Compiler 5.06 update 5 (build 528) Tool: armlink [4d35e2]

==============================================================================

Section Cross References

    startup_stm32f103xb.o(RESET) refers to startup_stm32f103xb.o(STACK) for __initial_sp
    startup_stm32f103xb.o(RESET) refers to startup_stm32f103xb.o(.text) for Reset_Handler
    startup_stm32f103xb.o(RESET) refers to stm32f1xx_it.o(i.NMI_Handler) for NMI_Handler
    startup_stm32f103xb.o(RESET) refers to stm32f1xx_it.o(i.HardFault_Handler) for HardFault_Handler
    startup_stm32f103xb.o(RESET) refers to stm32f1xx_it.o(i.MemManage_Handler) for MemManage_Handler
    startup_stm32f103xb.o(RESET) refers to stm32f1xx_it.o(i.BusFault_Handler) for BusFault_Handler
    startup_stm32f103xb.o(RESET) refers to stm32f1xx_it.o(i.UsageFault_Handler) for UsageFault_Handler
    startup_stm32f103xb.o(RESET) refers to stm32f1xx_it.o(i.SVC_Handler) for SVC_Handler
    startup_stm32f103xb.o(RESET) refers to stm32f1xx_it.o(i.DebugMon_Handler) for DebugMon_Handler
    startup_stm32f103xb.o(RESET) refers to stm32f1xx_it.o(i.PendSV_Handler) for PendSV_Handler
    startup_stm32f103xb.o(RESET) refers to stm32f1xx_it.o(i.SysTick_Handler) for SysTick_Handler
    startup_stm32f103xb.o(RESET) refers to stm32f1xx_it.o(i.TIM1_UP_IRQHandler) for TIM1_UP_IRQHandler
    startup_stm32f103xb.o(RESET) refers to stm32f1xx_it.o(i.USART2_IRQHandler) for USART2_IRQHandler
    startup_stm32f103xb.o(.text) refers to system_stm32f1xx.o(i.SystemInit) for SystemInit
    startup_stm32f103xb.o(.text) refers to entry.o(.ARM.Collect$$$$00000000) for __main
    stm32f1xx_hal_spi.o(i.HAL_SPI_Abort) refers to stm32f1xx_hal_dma.o(i.HAL_DMA_Abort) for HAL_DMA_Abort
    stm32f1xx_hal_spi.o(i.HAL_SPI_Abort) refers to system_stm32f1xx.o(.data) for SystemCoreClock
    stm32f1xx_hal_spi.o(i.HAL_SPI_Abort) refers to stm32f1xx_hal_spi.o(i.SPI_AbortTx_ISR) for SPI_AbortTx_ISR
    stm32f1xx_hal_spi.o(i.HAL_SPI_Abort) refers to stm32f1xx_hal_spi.o(i.SPI_AbortRx_ISR) for SPI_AbortRx_ISR
    stm32f1xx_hal_spi.o(i.HAL_SPI_Abort_IT) refers to stm32f1xx_hal_dma.o(i.HAL_DMA_Abort_IT) for HAL_DMA_Abort_IT
    stm32f1xx_hal_spi.o(i.HAL_SPI_Abort_IT) refers to stm32f1xx_hal_spi.o(i.HAL_SPI_AbortCpltCallback) for HAL_SPI_AbortCpltCallback
    stm32f1xx_hal_spi.o(i.HAL_SPI_Abort_IT) refers to system_stm32f1xx.o(.data) for SystemCoreClock
    stm32f1xx_hal_spi.o(i.HAL_SPI_Abort_IT) refers to stm32f1xx_hal_spi.o(i.SPI_AbortTx_ISR) for SPI_AbortTx_ISR
    stm32f1xx_hal_spi.o(i.HAL_SPI_Abort_IT) refers to stm32f1xx_hal_spi.o(i.SPI_AbortRx_ISR) for SPI_AbortRx_ISR
    stm32f1xx_hal_spi.o(i.HAL_SPI_Abort_IT) refers to stm32f1xx_hal_spi.o(i.SPI_DMATxAbortCallback) for SPI_DMATxAbortCallback
    stm32f1xx_hal_spi.o(i.HAL_SPI_Abort_IT) refers to stm32f1xx_hal_spi.o(i.SPI_DMARxAbortCallback) for SPI_DMARxAbortCallback
    stm32f1xx_hal_spi.o(i.HAL_SPI_DMAStop) refers to stm32f1xx_hal_dma.o(i.HAL_DMA_Abort) for HAL_DMA_Abort
    stm32f1xx_hal_spi.o(i.HAL_SPI_DeInit) refers to spi.o(i.HAL_SPI_MspDeInit) for HAL_SPI_MspDeInit
    stm32f1xx_hal_spi.o(i.HAL_SPI_IRQHandler) refers to stm32f1xx_hal_dma.o(i.HAL_DMA_Abort_IT) for HAL_DMA_Abort_IT
    stm32f1xx_hal_spi.o(i.HAL_SPI_IRQHandler) refers to stm32f1xx_hal_spi.o(i.HAL_SPI_ErrorCallback) for HAL_SPI_ErrorCallback
    stm32f1xx_hal_spi.o(i.HAL_SPI_IRQHandler) refers to stm32f1xx_hal_spi.o(i.SPI_DMAAbortOnError) for SPI_DMAAbortOnError
    stm32f1xx_hal_spi.o(i.HAL_SPI_Init) refers to spi.o(i.HAL_SPI_MspInit) for HAL_SPI_MspInit
    stm32f1xx_hal_spi.o(i.HAL_SPI_Receive) refers to stm32f1xx_hal.o(i.HAL_GetTick) for HAL_GetTick
    stm32f1xx_hal_spi.o(i.HAL_SPI_Receive) refers to stm32f1xx_hal_spi.o(i.HAL_SPI_TransmitReceive) for HAL_SPI_TransmitReceive
    stm32f1xx_hal_spi.o(i.HAL_SPI_Receive) refers to stm32f1xx_hal_spi.o(i.SPI_EndRxTransaction) for SPI_EndRxTransaction
    stm32f1xx_hal_spi.o(i.HAL_SPI_Receive_DMA) refers to stm32f1xx_hal_spi.o(i.HAL_SPI_TransmitReceive_DMA) for HAL_SPI_TransmitReceive_DMA
    stm32f1xx_hal_spi.o(i.HAL_SPI_Receive_DMA) refers to stm32f1xx_hal_dma.o(i.HAL_DMA_Start_IT) for HAL_DMA_Start_IT
    stm32f1xx_hal_spi.o(i.HAL_SPI_Receive_DMA) refers to stm32f1xx_hal_spi.o(i.SPI_DMAHalfReceiveCplt) for SPI_DMAHalfReceiveCplt
    stm32f1xx_hal_spi.o(i.HAL_SPI_Receive_DMA) refers to stm32f1xx_hal_spi.o(i.SPI_DMAReceiveCplt) for SPI_DMAReceiveCplt
    stm32f1xx_hal_spi.o(i.HAL_SPI_Receive_DMA) refers to stm32f1xx_hal_spi.o(i.SPI_DMAError) for SPI_DMAError
    stm32f1xx_hal_spi.o(i.HAL_SPI_Receive_IT) refers to stm32f1xx_hal_spi.o(i.HAL_SPI_TransmitReceive_IT) for HAL_SPI_TransmitReceive_IT
    stm32f1xx_hal_spi.o(i.HAL_SPI_Receive_IT) refers to stm32f1xx_hal_spi.o(i.SPI_RxISR_16BIT) for SPI_RxISR_16BIT
    stm32f1xx_hal_spi.o(i.HAL_SPI_Receive_IT) refers to stm32f1xx_hal_spi.o(i.SPI_RxISR_8BIT) for SPI_RxISR_8BIT
    stm32f1xx_hal_spi.o(i.HAL_SPI_Transmit) refers to stm32f1xx_hal.o(i.HAL_GetTick) for HAL_GetTick
[...]
    i.HAL_UART_RxCpltCallback                0x080027e4   Section        0  stm32f1xx_hal_uart.o(i.HAL_UART_RxCpltCallback)
    i.HAL_UART_Transmit                      0x080027e6   Section        0  stm32f1xx_hal_uart.o(i.HAL_UART_Transmit)
    i.HAL_UART_TxCpltCallback                0x08002886   Section        0  stm32f1xx_hal_uart.o(i.HAL_UART_TxCpltCallback)
    i.HardFault_Handler                      0x08002888   Section        0  stm32f1xx_it.o(i.HardFault_Handler)
    i.Key_GetNum                             0x0800288c   Section        0  key.o(i.Key_GetNum)
    i.Key_GetState                           0x080028a0   Section        0  key.o(i.Key_GetState)
    i.Key_Tick                               0x080028ec   Section        0  key.o(i.Key_Tick)
    i.MPU6050_GetData                        0x0800291c   Section        0  mpu6050.o(i.MPU6050_GetData)
    i.MPU6050_Init                           0x0800296e   Section        0  mpu6050.o(i.MPU6050_Init)
    i.MPU6050_ReadRegs                       0x080029a4   Section        0  mpu6050.o(i.MPU6050_ReadRegs)
    i.MPU6050_WriteReg                       0x08002a00   Section        0  mpu6050.o(i.MPU6050_WriteReg)
    i.MX_GPIO_Init                           0x08002a30   Section        0  gpio.o(i.MX_GPIO_Init)
    i.MX_SPI1_Init                           0x08002b38   Section        0  spi.o(i.MX_SPI1_Init)
    i.MX_TIM1_Init                           0x08002b80   Section        0  tim.o(i.MX_TIM1_Init)
    i.MX_TIM2_Init                           0x08002be8   Section        0  tim.o(i.MX_TIM2_Init)
    i.MX_TIM3_Init                           0x08002c8c   Section        0  tim.o(i.MX_TIM3_Init)
    i.MX_TIM4_Init                           0x08002d04   Section        0  tim.o(i.MX_TIM4_Init)
    i.MX_USART1_UART_Init                    0x08002d7c   Section        0  usart.o(i.MX_USART1_UART_Init)
    i.MX_USART2_UART_Init                    0x08002db4   Section        0  usart.o(i.MX_USART2_UART_Init)
    i.MemManage_Handler                      0x08002dec   Section        0  stm32f1xx_it.o(i.MemManage_Handler)
    i.Motor_Init                             0x08002dee   Section        0  motor.o(i.Motor_Init)
    i.Motor_SetSpeed                         0x08002df4   Section        0  motor.o(i.Motor_SetSpeed)
    i.MyI2C_R_SDA                            0x08002e84   Section        0  myi2c.o(i.MyI2C_R_SDA)
    i.MyI2C_ReceiveAck                       0x08002e94   Section        0  myi2c.o(i.MyI2C_ReceiveAck)
    i.MyI2C_ReceiveByte                      0x08002eb2   Section        0  myi2c.o(i.MyI2C_ReceiveByte)
    i.MyI2C_SendAck                          0x08002ee4   Section        0  myi2c.o(i.MyI2C_SendAck)
    i.MyI2C_SendByte                         0x08002efa   Section        0  myi2c.o(i.MyI2C_SendByte)
    i.MyI2C_Start                            0x08002f26   Section        0  myi2c.o(i.MyI2C_Start)
    i.MyI2C_Stop                             0x08002f44   Section        0  myi2c.o(i.MyI2C_Stop)
    i.MyI2C_W_SCL                            0x08002f5c   Section        0  myi2c.o(i.MyI2C_W_SCL)
    i.MyI2C_W_SDA                            0x08002f6c   Section        0  myi2c.o(i.MyI2C_W_SDA)
    i.NMI_Handler                            0x08002f7c   Section        0  stm32f1xx_it.o(i.NMI_Handler)
    i.NRF24L01_FlushRx                       0x08002f7e   Section        0  nrf24l01.o(i.NRF24L01_FlushRx)
    i.NRF24L01_FlushTx                       0x08002f96   Section        0  nrf24l01.o(i.NRF24L01_FlushTx)
    i.NRF24L01_GPIO_Init                     0x08002fb0   Section        0  nrf24l01.o(i.NRF24L01_GPIO_Init)
    i.NRF24L01_Init                          0x08002fd0   Section        0  nrf24l01.o(i.NRF24L01_Init)
    i.NRF24L01_ReadReg                       0x0800303c   Section        0  nrf24l01.o(i.NRF24L01_ReadReg)
    i.NRF24L01_Rx                            0x0800305e   Section        0  nrf24l01.o(i.NRF24L01_Rx)
    i.NRF24L01_SPI_SwapByte                  0x08003088   Section        0  nrf24l01.o(i.NRF24L01_SPI_SwapByte)
    i.NRF24L01_W_CE                          0x080030ac   Section        0  nrf24l01.o(i.NRF24L01_W_CE)
    i.NRF24L01_W_CSN                         0x080030bc   Section        0  nrf24l01.o(i.NRF24L01_W_CSN)
    i.NRF24L01_WriteReg                      0x080030cc   Section        0  nrf24l01.o(i.NRF24L01_WriteReg)
    i.NRF24L01_WriteRegs                     0x080030f0   Section        0  nrf24l01.o(i.NRF24L01_WriteRegs)
    i.OLED_Clear                             0x08003124   Section        0  oled.o(i.OLED_Clear)
    i.OLED_ClearArea                         0x0800314c   Section        0  oled.o(i.OLED_ClearArea)
    i.OLED_GPIO_Init                         0x080031a8   Section        0  oled.o(i.OLED_GPIO_Init)
    i.OLED_I2C_SendByte                      0x080031ce   Section        0  oled.o(i.OLED_I2C_SendByte)
    i.OLED_I2C_Start                         0x08003208   Section        0  oled.o(i.OLED_I2C_Start)
    i.OLED_I2C_Stop                          0x08003226   Section        0  oled.o(i.OLED_I2C_Stop)
    i.OLED_Init                              0x0800323e   Section        0  oled.o(i.OLED_Init)
    i.OLED_Printf                            0x080032da   Section        0  oled.o(i.OLED_Printf)
    i.OLED_SetCursor                         0x08003304   Section        0  oled.o(i.OLED_SetCursor)
    i.OLED_ShowChar                          0x08003328   Section        0  oled.o(i.OLED_ShowChar)
    i.OLED_ShowImage                         0x08003364   Section        0  oled.o(i.OLED_ShowImage)
    i.OLED_ShowString                        0x08003420   Section        0  oled.o(i.OLED_ShowString)
    i.OLED_Update                            0x0800358c   Section        0  oled.o(i.OLED_Update)
    i.OLED_W_SCL                             0x080035b4   Section        0  oled.o(i.OLED_W_SCL)
    i.OLED_W_SDA                             0x080035c4   Section        0  oled.o(i.OLED_W_SDA)
    i.OLED_WriteCommand                      0x080035d4   Section        0  oled.o(i.OLED_WriteCommand)
    i.OLED_WriteData                         0x080035f6   Section        0  oled.o(i.OLED_WriteData)
    i.PID_Culculate                          0x08003626   Section        0  pid.o(i.PID_Culculate)
    i.PID_Init                               0x080036b6   Section        0  pid.o(i.PID_Init)
    i.PWM_Init                               0x080036e0   Section        0  pwm.o(i.PWM_Init)
    i.PWM_SetCompare1                        0x0800370c   Section        0  pwm.o(i.PWM_SetCompare1)
    i.PWM_SetCompare2                        0x08003718   Section        0  pwm.o(i.PWM_SetCompare2)
    i.PendSV_Handler                         0x08003724   Section        0  stm32f1xx_it.o(i.PendSV_Handler)
    i.SPI_EndRxTxTransaction                 0x08003726   Section        0  stm32f1xx_hal_spi.o(i.SPI_EndRxTxTransaction)
    SPI_EndRxTxTransaction                   0x08003727   Thumb Code    52  stm32f1xx_hal_spi.o(i.SPI_EndRxTxTransaction)
    i.SPI_WaitFlagStateUntilTimeout          0x0800375c   Section        0  stm32f1xx_hal_spi.o(i.SPI_WaitFlagStateUntilTimeout)
    SPI_WaitFlagStateUntilTimeout            0x0800375d   Thumb Code   180  stm32f1xx_hal_spi.o(i.SPI_WaitFlagStateUntilTimeout)
    i.SVC_Handler                            0x08003814   Section        0  stm32f1xx_it.o(i.SVC_Handler)
    i.SysTick_Handler                        0x08003816   Section        0  stm32f1xx_it.o(i.SysTick_Handler)
    i.SystemClock_Config                     0x0800381a   Section        0  main.o(i.SystemClock_Config)
    i.SystemInit                             0x08003878   Section        0  system_stm32f1xx.o(i.SystemInit)
    i.TIM1_UP_IRQHandler                     0x0800387c   Section        0  stm32f1xx_it.o(i.TIM1_UP_IRQHandler)
    i.TIM_Base_SetConfig                     0x08003890   Section        0  stm32f1xx_hal_tim.o(i.TIM_Base_SetConfig)
    i.TIM_CCxChannelCmd                      0x08003908   Section        0  stm32f1xx_hal_tim.o(i.TIM_CCxChannelCmd)
    i.TIM_ETR_SetConfig                      0x08003922   Section        0  stm32f1xx_hal_tim.o(i.TIM_ETR_SetConfig)
    i.TIM_ITRx_SetConfig                     0x08003936   Section        0  stm32f1xx_hal_tim.o(i.TIM_ITRx_SetConfig)
    TIM_ITRx_SetConfig                       0x08003937   Thumb Code    16  stm32f1xx_hal_tim.o(i.TIM_ITRx_SetConfig)
    i.TIM_OC1_SetConfig                      0x08003948   Section        0  stm32f1xx_hal_tim.o(i.TIM_OC1_SetConfig)
    TIM_OC1_SetConfig                        0x08003949   Thumb Code    74  stm32f1xx_hal_tim.o(i.TIM_OC1_SetConfig)
    i.TIM_OC2_SetConfig                      0x08003998   Section        0  stm32f1xx_hal_tim.o(i.TIM_OC2_SetConfig)
    i.TIM_OC3_SetConfig                      0x080039f0   Section        0  stm32f1xx_hal_tim.o(i.TIM_OC3_SetConfig)
    TIM_OC3_SetConfig                        0x080039f1   Thumb Code    82  stm32f1xx_hal_tim.o(i.TIM_OC3_SetConfig)
    i.TIM_OC4_SetConfig                      0x08003a48   Section        0  stm32f1xx_hal_tim.o(i.TIM_OC4_SetConfig)
    TIM_OC4_SetConfig                        0x08003a49   Thumb Code    64  stm32f1xx_hal_tim.o(i.TIM_OC4_SetConfig)
    i.TIM_TI1_ConfigInputStage               0x08003a8c   Section        0  stm32f1xx_hal_tim.o(i.TIM_TI1_ConfigInputStage)
    TIM_TI1_ConfigInputStage                 0x08003a8d   Thumb Code    34  stm32f1xx_hal_tim.o(i.TIM_TI1_ConfigInputStage)
    i.TIM_TI2_ConfigInputStage               0x08003aae   Section        0  stm32f1xx_hal_tim.o(i.TIM_TI2_ConfigInputStage)
    TIM_TI2_ConfigInputStage                 0x08003aaf   Thumb Code    36  stm32f1xx_hal_tim.o(i.TIM_TI2_ConfigInputStage)
    i.Timer_Init                             0x08003ad4   Section        0  timer.o(i.Timer_Init)
    i.Timer_Update_Handler                   0x08003b8c   Section        0  timer.o(i.Timer_Update_Handler)
    i.UART_DMAAbortOnError                   0x08003e10   Section        0  stm32f1xx_hal_uart.o(i.UART_DMAAbortOnError)
    UART_DMAAbortOnError                     0x08003e11   Thumb Code    16  stm32f1xx_hal_uart.o(i.UART_DMAAbortOnError)
    i.UART_EndRxTransfer                     0x08003e20   Section        0  stm32f1xx_hal_uart.o(i.UART_EndRxTransfer)
    UART_EndRxTransfer                       0x08003e21   Thumb Code    78  stm32f1xx_hal_uart.o(i.UART_EndRxTransfer)
    i.UART_Receive_IT                        0x08003e6e   Section        0  stm32f1xx_hal_uart.o(i.UART_Receive_IT)
    UART_Receive_IT                          0x08003e6f   Thumb Code   194  stm32f1xx_hal_uart.o(i.UART_Receive_IT)
    i.UART_SetConfig                         0x08003f30   Section        0  stm32f1xx_hal_uart.o(i.UART_SetConfig)
    UART_SetConfig                           0x08003f31   Thumb Code   178  stm32f1xx_hal_uart.o(i.UART_SetConfig)
    i.UART_WaitOnFlagUntilTimeout            0x08003fe8   Section        0  stm32f1xx_hal_uart.o(i.UART_WaitOnFlagUntilTimeout)
    UART_WaitOnFlagUntilTimeout              0x08003fe9   Thumb Code   114  stm32f1xx_hal_uart.o(i.UART_WaitOnFlagUntilTimeout)
    i.UATR_Init                              0x0800405c   Section        0  uart.o(i.UATR_Init)
    i.UATR_RXNE_Handler                      0x08004084   Section        0  uart.o(i.UATR_RXNE_Handler)
    i.USART2_IRQHandler                      0x080040f4   Section        0  stm32f1xx_it.o(i.USART2_IRQHandler)
    i.UsageFault_Handler                     0x08004108   Section        0  stm32f1xx_it.o(i.UsageFault_Handler)
    i.__0printf                              0x0800410c   Section        0  printfa.o(i.__0printf)
    i.__0vsprintf                            0x0800412c   Section        0  printfa.o(i.__0vsprintf)
    i.__ARM_fpclassify                       0x08004150   Section        0  fpclassify.o(i.__ARM_fpclassify)
    i.__NVIC_SetPriority                     0x08004178   Section        0  stm32f1xx_hal_cortex.o(i.__NVIC_SetPriority)
    __NVIC_SetPriority                       0x08004179   Thumb Code    32  stm32f1xx_hal_cortex.o(i.__NVIC_SetPriority)
    i.__aeabi_errno_addr                     0x08004198   Section        0  errno.o(i.__aeabi_errno_addr)
    i.__kernel_poly                          0x080041a0   Section        0  poly.o(i.__kernel_poly)
    i.__mathlib_dbl_infnan                   0x0800424a   Section        0  dunder.o(i.__mathlib_dbl_infnan)
    i.__mathlib_dbl_infnan2                  0x08004250   Section        0  dunder.o(i.__mathlib_dbl_infnan2)
    i.__mathlib_dbl_underflow                0x08004254   Section        0  dunder.o(i.__mathlib_dbl_underflow)
    i.__read_errno                           0x08004264   Section        0  errno.o(i.__read_errno)
    i.__scatterload_copy                     0x08004270   Section       14  handlers.o(i.__scatterload_copy)
    i.__scatterload_null                     0x0800427e   Section        2  handlers.o(i.__scatterload_null)
    i.__scatterload_zeroinit                 0x08004280   Section       14  handlers.o(i.__scatterload_zeroinit)
    i.__set_errno                            0x08004290   Section        0  errno.o(i.__set_errno)
    i._fp_digits                             0x0800429c   Section        0  printfa.o(i._fp_digits)
    _fp_digits                               0x0800429d   Thumb Code   366  printfa.o(i._fp_digits)
    i._is_digit                              0x08004420   Section        0  scanf_fp.o(i._is_digit)
    i._printf_core                           0x08004430   Section        0  printfa.o(i._printf_core)
    _printf_core                             0x08004431   Thumb Code  1744  printfa.o(i._printf_core)
    i._printf_post_padding                   0x08004b0c   Section        0  printfa.o(i._printf_post_padding)
    _printf_post_padding                     0x08004b0d   Thumb Code    36  printfa.o(i._printf_post_padding)
    i._printf_pre_padding                    0x08004b30   Section        0  printfa.o(i._printf_pre_padding)
    _printf_pre_padding                      0x08004b31   Thumb Code    46  printfa.o(i._printf_pre_padding)
    i._sputc                                 0x08004b5e   Section        0  printfa.o(i._sputc)
    _sputc                                   0x08004b5f   Thumb Code    10  printfa.o(i._sputc)
    i.atan                                   0x08004b68   Section        0  atan.o(i.atan)
    i.atan2                                  0x08004d88   Section        0  atan2.o(i.atan2)
    i.atof                                   0x08004f08   Section        0  atof.o(i.atof)
    i.fputc                                  0x08004f34   Section        0  main.o(i.fputc)
    i.main                                   0x08004f4c   Section        0  main.o(i.main)
    .constdata                               0x08005590   Section       18  stm32f1xx_hal_rcc.o(.constdata)
    aPredivFactorTable                       0x08005590   Data           2  stm32f1xx_hal_rcc.o(.constdata)
    aPLLMULFactorTable                       0x08005592   Data          16  stm32f1xx_hal_rcc.o(.constdata)
    .constdata                               0x080055a2   Section       16  system_stm32f1xx.o(.constdata)
    .constdata                               0x080055b2   Section        8  system_stm32f1xx.o(.constdata)
    .constdata                               0x080055ba   Section     1520  oled_data.o(.constdata)
    .constdata                               0x08005baa   Section      570  oled_data.o(.constdata)
    .constdata                               0x08005de4   Section      259  oled_data.o(.constdata)
    .constdata                               0x08005ee8   Section      152  atan.o(.constdata)
    atanhi                                   0x08005ee8   Data          32  atan.o(.constdata)
    atanlo                                   0x08005f08   Data          32  atan.o(.constdata)
    aTodd                                    0x08005f28   Data          40  atan.o(.constdata)
    aTeven                                   0x08005f50   Data          48  atan.o(.constdata)
    .constdata                               0x08005f80   Section        8  qnan.o(.constdata)
    .constdata                               0x08005f88   Section      129  ctype_o.o(.constdata)
    .constdata                               0x0800600c   Section        4  ctype_o.o(.constdata)
    table                                    0x0800600c   Data           4  ctype_o.o(.constdata)
    .data                                    0x20000000   Section       12  stm32f1xx_hal.o(.data)
    .data                                    0x2000000c   Section        4  system_stm32f1xx.o(.data)
    .data                                    0x20000010   Section        1  main.o(.data)
    .data                                    0x20000014   Section       56  timer.o(.data)
    CountTick0                               0x20000016   Data           2  timer.o(.data)
    CountTick1                               0x20000018   Data           2  timer.o(.data)
    .data                                    0x2000004c   Section        4  key.o(.data)
    Count                                    0x2000004c   Data           1  key.o(.data)
    CurrState                                0x2000004d   Data           1  key.o(.data)
    PrevState                                0x2000004e   Data           1  key.o(.data)
    .data                                    0x20000050   Section        4  uart.o(.data)
    State_Flag                               0x20000050   Data           1  uart.o(.data)
    i                                        0x20000052   Data           2  uart.o(.data)
    .data                                    0x20000054   Section       10  nrf24l01.o(.data)
    .data                                    0x20000060   Section        4  strtok.o(.data)
    state                                    0x20000060   Data           4  strtok.o(.data)
    .data                                    0x20000064   Section        4  stdout.o(.data)
    .data                                    0x20000068   Section        4  errno.o(.data)
    _errno                                   0x20000068   Data           4  errno.o(.data)
    .bss                                     0x2000006c   Section       88  spi.o(.bss)
    .bss                                     0x200000c4   Section      288  tim.o(.bss)
    .bss                                     0x200001e4   Section      144  usart.o(.bss)
    .bss                                     0x20000274   Section     1024  oled.o(.bss)
    .bss                                     0x20000674   Section      180  timer.o(.bss)
    .bss                                     0x20000728   Section      100  uart.o(.bss)
    STACK                                    0x20000790   Section     1024  startup_stm32f103xb.o(STACK)

    Global Symbols

    Symbol Name                              Value     Ov Type        Size  Object(Section)

    BuildAttributes$$THM_ISAv4$P$D$K$B$S$PE$A:L22UL41UL21$X:L11$S22US41US21$IEEE1$IW$USESV6$~STKCKD$USESV7$~SHL$OTIME$ROPI$IEEEX$EBA8$MICROLIB$REQ8$PRES8$EABIv2 0x00000000   Number         0  anon$$obj.o ABSOLUTE
    __ARM_use_no_argv                        0x00000000   Number         0  main.o ABSOLUTE
    _printf_a                                0x00000000   Number         0  stubs.o ABSOLUTE
    _printf_c                                0x00000000   Number         0  stubs.o ABSOLUTE
    _printf_charcount                        0x00000000   Number         0  stubs.o ABSOLUTE
    _printf_d                                0x00000000   Number         0  stubs.o ABSOLUTE
    _printf_e                                0x00000000   Number         0  stubs.o ABSOLUTE
    _printf_f                                0x00000000   Number         0  stubs.o ABSOLUTE
    _printf_flags                            0x00000000   Number         0  stubs.o ABSOLUTE
    _printf_fp_dec                           0x00000000   Number         0  stubs.o ABSOLUTE
    _printf_fp_hex                           0x00000000   Number         0  stubs.o ABSOLUTE
    _printf_g                                0x00000000   Number         0  stubs.o ABSOLUTE
    _printf_i                                0x00000000   Number         0  stubs.o ABSOLUTE
    _printf_int_dec                          0x00000000   Number         0  stubs.o ABSOLUTE
    _printf_l                                0x00000000   Number         0  stubs.o ABSOLUTE
    _printf_lc                               0x00000000   Number         0  stubs.o ABSOLUTE
    _printf_ll                               0x00000000   Number         0  stubs.o ABSOLUTE
    _printf_lld                              0x00000000   Number         0  stubs.o ABSOLUTE
    _printf_lli                              0x00000000   Number         0  stubs.o ABSOLUTE
    _printf_llo                              0x00000000   Number         0  stubs.o ABSOLUTE
    _printf_llu                              0x00000000   Number         0  stubs.o ABSOLUTE
    _printf_llx                              0x00000000   Number         0  stubs.o ABSOLUTE
    _printf_longlong_dec                     0x00000000   Number         0  stubs.o ABSOLUTE
    _printf_longlong_hex                     0x00000000   Number         0  stubs.o ABSOLUTE
    _printf_longlong_oct                     0x00000000   Number         0  stubs.o ABSOLUTE
    _printf_ls                               0x00000000   Number         0  stubs.o ABSOLUTE
    _printf_mbtowc                           0x00000000   Number         0  stubs.o ABSOLUTE
    _printf_n                                0x00000000   Number         0  stubs.o ABSOLUTE
    _printf_o                                0x00000000   Number         0  stubs.o ABSOLUTE
    _printf_p                                0x00000000   Number         0  stubs.o ABSOLUTE
    _printf_percent                          0x00000000   Number         0  stubs.o ABSOLUTE
    _printf_pre_padding                      0x00000000   Number         0  stubs.o ABSOLUTE
    _printf_return_value                     0x00000000   Number         0  stubs.o ABSOLUTE
    _printf_s                                0x00000000   Number         0  stubs.o ABSOLUTE
    _printf_sizespec                         0x00000000   Number         0  stubs.o ABSOLUTE
    _printf_str                              0x00000000   Number         0  stubs.o ABSOLUTE
    _printf_truncate_signed                  0x00000000   Number         0  stubs.o ABSOLUTE
    _printf_truncate_unsigned                0x00000000   Number         0  stubs.o ABSOLUTE
    _printf_u                                0x00000000   Number         0  stubs.o ABSOLUTE
    _printf_wc                               0x00000000   Number         0  stubs.o ABSOLUTE
    _printf_wctomb                           0x00000000   Number         0  stubs.o ABSOLUTE
    _printf_widthprec                        0x00000000   Number         0  stubs.o ABSOLUTE
    _printf_x                                0x00000000   Number         0  stubs.o ABSOLUTE
    __cpp_initialize__aeabi_                  - Undefined Weak Reference
    __cxa_finalize                            - Undefined Weak Reference
    __decompress                              - Undefined Weak Reference
    _clock_init                               - Undefined Weak Reference
    _microlib_exit                            - Undefined Weak Reference
    __Vectors_Size                           0x000000ec   Number         0  startup_stm32f103xb.o ABSOLUTE
    __Vectors                                0x08000000   Data           4  startup_stm32f103xb.o(RESET)
    __Vectors_End                            0x080000ec   Data           0  startup_stm32f103xb.o(RESET)
    __main                                   0x080000ed   Thumb Code     0  entry.o(.ARM.Collect$$$$00000000)
    _main_stk                                0x080000ed   Thumb Code     0  entry2.o(.ARM.Collect$$$$00000001)
    _main_scatterload                        0x080000f1   Thumb Code     0  entry5.o(.ARM.Collect$$$$00000004)
    __main_after_scatterload                 0x080000f5   Thumb Code     0  entry5.o(.ARM.Collect$$$$00000004)
    _main_clock                              0x080000f5   Thumb Code     0  entry7b.o(.ARM.Collect$$$$00000008)
    _main_cpp_init                           0x080000f5   Thumb Code     0  entry8b.o(.ARM.Collect$$$$0000000A)
    _main_init                               0x080000f5   Thumb Code     0  entry9a.o(.ARM.Collect$$$$0000000B)
    __rt_final_cpp                           0x080000fd   Thumb Code     0  entry10a.o(.ARM.Collect$$$$0000000D)
    __rt_final_exit                          0x080000fd   Thumb Code     0  entry11a.o(.ARM.Collect$$$$0000000F)
    Reset_Handler                            0x08000101   Thumb Code     8  startup_stm32f103xb.o(.text)
    ADC1_2_IRQHandler                        0x0800011b   Thumb Code     0  startup_stm32f103xb.o(.text)
    CAN1_RX1_IRQHandler                      0x0800011b   Thumb Code     0  startup_stm32f103xb.o(.text)
    CAN1_SCE_IRQHandler                      0x0800011b   Thumb Code     0  startup_stm32f103xb.o(.text)
    DMA1_Channel1_IRQHandler                 0x0800011b   Thumb Code     0  startup_stm32f103xb.o(.text)
    DMA1_Channel2_IRQHandler                 0x0800011b   Thumb Code     0  startup_stm32f103xb.o(.text)
    DMA1_Channel3_IRQHandler                 0x0800011b   Thumb Code     0  startup_stm32f103xb.o(.text)
    DMA1_Channel4_IRQHandler                 0x0800011b   Thumb Code     0  startup_stm32f103xb.o(.text)
    DMA1_Channel5_IRQHandler                 0x0800011b   Thumb Code     0  startup_stm32f103xb.o(.text)
    DMA1_Channel6_IRQHandler                 0x0800011b   Thumb Code     0  startup_stm32f103xb.o(.text)
    DMA1_Channel7_IRQHandler                 0x0800011b   Thumb Code     0  startup_stm32f103xb.o(.text)
    EXTI0_IRQHandler                         0x0800011b   Thumb Code     0  startup_stm32f103xb.o(.text)
    EXTI15_10_IRQHandler                     0x0800011b   Thumb Code     0  startup_stm32f103xb.o(.text)
    EXTI1_IRQHandler                         0x0800011b   Thumb Code     0  startup_stm32f103xb.o(.text)
    EXTI2_IRQHandler                         0x0800011b   Thumb Code     0  startup_stm32f103xb.o(.text)
    EXTI3_IRQHandler                         0x0800011b   Thumb Code     0  startup_stm32f103xb.o(.text)
    EXTI4_IRQHandler                         0x0800011b   Thumb Code     0  startup_stm32f103xb.o(.text)
    EXTI9_5_IRQHandler                       0x0800011b   Thumb Code     0  startup_stm32f103xb.o(.text)
    FLASH_IRQHandler                         0x0800011b   Thumb Code     0  startup_stm32f103xb.o(.text)
    I2C1_ER_IRQHandler                       0x0800011b   Thumb Code     0  startup_stm32f103xb.o(.text)
    I2C1_EV_IRQHandler                       0x0800011b   Thumb Code     0  startup_stm32f103xb.o(.text)
    I2C2_ER_IRQHandler                       0x0800011b   Thumb Code     0  startup_stm32f103xb.o(.text)
    I2C2_EV_IRQHandler                       0x0800011b   Thumb Code     0  startup_stm32f103xb.o(.text)
    PVD_IRQHandler                           0x0800011b   Thumb Code     0  startup_stm32f103xb.o(.text)
    RCC_IRQHandler                           0x0800011b   Thumb Code     0  startup_stm32f103xb.o(.text)
    RTC_Alarm_IRQHandler                     0x0800011b   Thumb Code     0  startup_stm32f103xb.o(.text)
    RTC_IRQHandler                           0x0800011b   Thumb Code     0  startup_stm32f103xb.o(.text)
    SPI1_IRQHandler                          0x0800011b   Thumb Code     0  startup_stm32f103xb.o(.text)
    SPI2_IRQHandler                          0x0800011b   Thumb Code     0  startup_stm32f103xb.o(.text)
    TAMPER_IRQHandler                        0x0800011b   Thumb Code     0  startup_stm32f103xb.o(.text)
    TIM1_BRK_IRQHandler                      0x0800011b   Thumb Code     0  startup_stm32f103xb.o(.text)
    TIM1_CC_IRQHandler                       0x0800011b   Thumb Code     0  startup_stm32f103xb.o(.text)
    TIM1_TRG_COM_IRQHandler                  0x0800011b   Thumb Code     0  startup_stm32f103xb.o(.text)
    TIM2_IRQHandler                          0x0800011b   Thumb Code     0  startup_stm32f103xb.o(.text)
    TIM3_IRQHandler                          0x0800011b   Thumb Code     0  startup_stm32f103xb.o(.text)
    TIM4_IRQHandler                          0x0800011b   Thumb Code     0  startup_stm32f103xb.o(.text)
    USART1_IRQHandler                        0x0800011b   Thumb Code     0  startup_stm32f103xb.o(.text)
    USART3_IRQHandler                        0x0800011b   Thumb Code     0  startup_stm32f103xb.o(.text)
    USBWakeUp_IRQHandler                     0x0800011b   Thumb Code     0  startup_stm32f103xb.o(.text)
    USB_HP_CAN1_TX_IRQHandler                0x0800011b   Thumb Code     0  startup_stm32f103xb.o(.text)
    USB_LP_CAN1_RX0_IRQHandler               0x0800011b   Thumb Code     0  startup_stm32f103xb.o(.text)
    WWDG_IRQHandler                          0x0800011b   Thumb Code     0  startup_stm32f103xb.o(.text)
    __aeabi_llsr                             0x08000125   Thumb Code    32  llushr.o(.text)
    _ll_ushift_r                             0x08000125   Thumb Code     0  llushr.o(.text)
    __aeabi_memset                           0x08000145   Thumb Code    14  memseta.o(.text)
    __aeabi_memset4                          0x08000145   Thumb Code     0  memseta.o(.text)
    __aeabi_memset8                          0x08000145   Thumb Code     0  memseta.o(.text)
    __aeabi_memclr                           0x08000153   Thumb Code     4  memseta.o(.text)
    __aeabi_memclr4                          0x08000153   Thumb Code     0  memseta.o(.text)
    __aeabi_memclr8                          0x08000153   Thumb Code     0  memseta.o(.text)
    _memset$wrapper                          0x08000157   Thumb Code    18  memseta.o(.text)
    strcmp                                   0x08000169   Thumb Code    28  strcmp.o(.text)
    strtok                                   0x08000185   Thumb Code    62  strtok.o(.text)
    atoi                                     0x080001c9   Thumb Code    26  atoi.o(.text)
    __aeabi_fadd                             0x080001e3   Thumb Code   164  fadd.o(.text)
    __aeabi_fsub                             0x08000287   Thumb Code     6  fadd.o(.text)
    __aeabi_frsub                            0x0800028d   Thumb Code     6  fadd.o(.text)
    __aeabi_fmul                             0x08000293   Thumb Code   100  fmul.o(.text)
    __ARM_scalbnf                            0x080002f7   Thumb Code    24  fscalb.o(.text)
    scalbnf                                  0x080002f7   Thumb Code     0  fscalb.o(.text)
    __aeabi_dadd                             0x0800030f   Thumb Code   322  dadd.o(.text)
    __aeabi_dsub                             0x08000451   Thumb Code     6  dadd.o(.text)
    __aeabi_drsub                            0x08000457   Thumb Code     6  dadd.o(.text)
    __aeabi_dmul                             0x0800045d   Thumb Code   228  dmul.o(.text)
    __aeabi_ddiv                             0x08000541   Thumb Code   222  ddiv.o(.text)
    __ARM_scalbn                             0x0800061f   Thumb Code    46  dscalb.o(.text)
    scalbn                                   0x0800061f   Thumb Code     0  dscalb.o(.text)
    __aeabi_i2d                              0x0800064d   Thumb Code    34  dflti.o(.text)
    __aeabi_f2iz                             0x0800066f   Thumb Code    50  ffixi.o(.text)
    __aeabi_f2d                              0x080006a1   Thumb Code    38  f2d.o(.text)
    __aeabi_cdrcmple                         0x080006c9   Thumb Code    48  cdrcmple.o(.text)
    __aeabi_d2f                              0x080006f9   Thumb Code    56  d2f.o(.text)
    __aeabi_cfcmpeq                          0x08000731   Thumb Code     0  cfcmple.o(.text)
    __aeabi_cfcmple                          0x08000731   Thumb Code    20  cfcmple.o(.text)
    __aeabi_cfrcmple                         0x08000745   Thumb Code    20  cfrcmple.o(.text)
    __aeabi_uidiv                            0x08000759   Thumb Code     0  uidiv.o(.text)
    __aeabi_uidivmod                         0x08000759   Thumb Code    44  uidiv.o(.text)
    __aeabi_uldivmod                         0x08000785   Thumb Code    98  uldiv.o(.text)
    __aeabi_llsl                             0x080007e7   Thumb Code    30  llshl.o(.text)
    _ll_shift_l                              0x080007e7   Thumb Code     0  llshl.o(.text)
    __aeabi_lasr                             0x08000805   Thumb Code    36  llsshr.o(.text)
    _ll_sshift_r                             0x08000805   Thumb Code     0  llsshr.o(.text)
    __strtod_int                             0x0800085f   Thumb Code    90  strtod.o(.text)
    strtol                                   0x080008c5   Thumb Code   112  strtol.o(.text)
    __I$use$fp                               0x08000935   Thumb Code     0  iusefp.o(.text)
    _float_round                             0x08000935   Thumb Code    18  fepilogue.o(.text)
    _float_epilogue                          0x08000947   Thumb Code    92  fepilogue.o(.text)
    _double_round                            0x080009a3   Thumb Code    30  depilogue.o(.text)
    _double_epilogue                         0x080009c1   Thumb Code   156  depilogue.o(.text)
    __aeabi_d2ulz                            0x08000a5d   Thumb Code    48  dfixul.o(.text)
    __scatterload                            0x08000a8d   Thumb Code    28  init.o(.text)
    __scatterload_rt2                        0x08000a8d   Thumb Code     0  init.o(.text)
    __rt_ctype_table                         0x08000ab1   Thumb Code     4  ctype_o.o(.text)
    isspace                                  0x08000ab9   Thumb Code    18  isspace_o.o(.text)
    _scanf_real                              0x08000bf5   Thumb Code     0  scanf_fp.o(.text)
    _scanf_really_real                       0x08000bf5   Thumb Code   556  scanf_fp.o(.text)
    _sgetc                                   0x08000e2d   Thumb Code    30  _sgetc.o(.text)
    _sbackspace                              0x08000e4b   Thumb Code    34  _sgetc.o(.text)
    _strtoul                                 0x08000e6d   Thumb Code   158  _strtoul.o(.text)
    _chval                                   0x08000f0b   Thumb Code    28  _chval.o(.text)
    __aeabi_ul2d                             0x08000f27   Thumb Code    24  dfltul.o(.text)
    BusFault_Handler                         0x08000f3f   Thumb Code     2  stm32f1xx_it.o(i.BusFault_Handler)
    DebugMon_Handler                         0x08000f41   Thumb Code     2  stm32f1xx_it.o(i.DebugMon_Handler)
    Encoder_Get                              0x08000f45   Thumb Code    28  encoder.o(i.Encoder_Get)
    Encoder_Init                             0x08000f69   Thumb Code    58  encoder.o(i.Encoder_Init)
    Error_Handler                            0x08000fad   Thumb Code     4  main.o(i.Error_Handler)
    GET_BlueSerial_RX_Flag                   0x08000fb1   Thumb Code    20  uart.o(i.GET_BlueSerial_RX_Flag)
    HAL_DMA_Abort                            0x08000fc9   Thumb Code    70  stm32f1xx_hal_dma.o(i.HAL_DMA_Abort)
    HAL_DMA_Abort_IT                         0x08001011   Thumb Code   148  stm32f1xx_hal_dma.o(i.HAL_DMA_Abort_IT)
    HAL_GPIO_Init                            0x080010a9   Thumb Code   446  stm32f1xx_hal_gpio.o(i.HAL_GPIO_Init)
    HAL_GPIO_ReadPin                         0x08001289   Thumb Code    10  stm32f1xx_hal_gpio.o(i.HAL_GPIO_ReadPin)
    HAL_GPIO_WritePin                        0x08001293   Thumb Code    10  stm32f1xx_hal_gpio.o(i.HAL_GPIO_WritePin)
    HAL_GetTick                              0x0800129d   Thumb Code     6  stm32f1xx_hal.o(i.HAL_GetTick)
    HAL_IncTick                              0x080012a9   Thumb Code    12  stm32f1xx_hal.o(i.HAL_IncTick)
    HAL_Init                                 0x080012b9   Thumb Code    32  stm32f1xx_hal.o(i.HAL_Init)
    HAL_InitTick                             0x080012dd   Thumb Code    54  stm32f1xx_hal.o(i.HAL_InitTick)
    HAL_MspInit                              0x0800131d   Thumb Code    52  stm32f1xx_hal_msp.o(i.HAL_MspInit)
    HAL_NVIC_EnableIRQ                       0x08001359   Thumb Code    26  stm32f1xx_hal_cortex.o(i.HAL_NVIC_EnableIRQ)
    HAL_NVIC_SetPriority                     0x08001375   Thumb Code    60  stm32f1xx_hal_cortex.o(i.HAL_NVIC_SetPriority)
    HAL_NVIC_SetPriorityGrouping             0x080013b5   Thumb Code    26  stm32f1xx_hal_cortex.o(i.HAL_NVIC_SetPriorityGrouping)
    HAL_RCC_ClockConfig                      0x080013d9   Thumb Code   280  stm32f1xx_hal_rcc.o(i.HAL_RCC_ClockConfig)
    HAL_RCC_GetPCLK1Freq                     0x08001505   Thumb Code    20  stm32f1xx_hal_rcc.o(i.HAL_RCC_GetPCLK1Freq)
    HAL_RCC_GetPCLK2Freq                     0x08001525   Thumb Code    20  stm32f1xx_hal_rcc.o(i.HAL_RCC_GetPCLK2Freq)
    HAL_RCC_GetSysClockFreq                  0x08001545   Thumb Code    58  stm32f1xx_hal_rcc.o(i.HAL_RCC_GetSysClockFreq)
    HAL_RCC_OscConfig                        0x08001591   Thumb Code   778  stm32f1xx_hal_rcc.o(i.HAL_RCC_OscConfig)
    HAL_SPI_Init                             0x080018b1   Thumb Code   178  stm32f1xx_hal_spi.o(i.HAL_SPI_Init)
    HAL_SPI_MspInit                          0x08001965   Thumb Code   114  spi.o(i.HAL_SPI_MspInit)
    HAL_SPI_TransmitReceive                  0x080019e9   Thumb Code   496  stm32f1xx_hal_spi.o(i.HAL_SPI_TransmitReceive)
    HAL_SYSTICK_Config                       0x08001bd9   Thumb Code    40  stm32f1xx_hal_cortex.o(i.HAL_SYSTICK_Config)
    HAL_TIMEx_BreakCallback                  0x08001c01   Thumb Code     2  stm32f1xx_hal_tim_ex.o(i.HAL_TIMEx_BreakCallback)
    HAL_TIMEx_CommutCallback                 0x08001c03   Thumb Code     2  stm32f1xx_hal_tim_ex.o(i.HAL_TIMEx_CommutCallback)
    HAL_TIMEx_MasterConfigSynchronization    0x08001c05   Thumb Code    92  stm32f1xx_hal_tim_ex.o(i.HAL_TIMEx_MasterConfigSynchronization)
    HAL_TIM_Base_Init                        0x08001c6d   Thumb Code    90  stm32f1xx_hal_tim.o(i.HAL_TIM_Base_Init)
    HAL_TIM_Base_MspInit                     0x08001cc9   Thumb Code   182  tim.o(i.HAL_TIM_Base_MspInit)
    HAL_TIM_Base_Start                       0x08001d99   Thumb Code    66  stm32f1xx_hal_tim.o(i.HAL_TIM_Base_Start)
    HAL_TIM_Base_Start_IT                    0x08001de9   Thumb Code    76  stm32f1xx_hal_tim.o(i.HAL_TIM_Base_Start_IT)
    HAL_TIM_ConfigClockSource                0x08001e41   Thumb Code   220  stm32f1xx_hal_tim.o(i.HAL_TIM_ConfigClockSource)
    HAL_TIM_Encoder_Init                     0x08001f1d   Thumb Code   164  stm32f1xx_hal_tim.o(i.HAL_TIM_Encoder_Init)
    HAL_TIM_Encoder_MspInit                  0x08001fc1   Thumb Code     2  stm32f1xx_hal_tim.o(i.HAL_TIM_Encoder_MspInit)
    HAL_TIM_Encoder_Start                    0x08001fc3   Thumb Code   142  stm32f1xx_hal_tim.o(i.HAL_TIM_Encoder_Start)
    HAL_TIM_IC_CaptureCallback               0x08002051   Thumb Code     2  stm32f1xx_hal_tim.o(i.HAL_TIM_IC_CaptureCallback)
    HAL_TIM_IRQHandler                       0x08002053   Thumb Code   304  stm32f1xx_hal_tim.o(i.HAL_TIM_IRQHandler)
    HAL_TIM_MspPostInit                      0x08002185   Thumb Code    62  tim.o(i.HAL_TIM_MspPostInit)
    HAL_TIM_OC_DelayElapsedCallback          0x080021cd   Thumb Code     2  stm32f1xx_hal_tim.o(i.HAL_TIM_OC_DelayElapsedCallback)
    HAL_TIM_PWM_ConfigChannel                0x080021cf   Thumb Code   204  stm32f1xx_hal_tim.o(i.HAL_TIM_PWM_ConfigChannel)
    HAL_TIM_PWM_Init                         0x0800229b   Thumb Code    90  stm32f1xx_hal_tim.o(i.HAL_TIM_PWM_Init)
    HAL_TIM_PWM_MspInit                      0x080022f5   Thumb Code     2  stm32f1xx_hal_tim.o(i.HAL_TIM_PWM_MspInit)
    HAL_TIM_PWM_PulseFinishedCallback        0x080022f7   Thumb Code     2  stm32f1xx_hal_tim.o(i.HAL_TIM_PWM_PulseFinishedCallback)
    HAL_TIM_PWM_Start                        0x080022f9   Thumb Code   144  stm32f1xx_hal_tim.o(i.HAL_TIM_PWM_Start)
    HAL_TIM_PeriodElapsedCallback            0x08002395   Thumb Code     2  stm32f1xx_hal_tim.o(i.HAL_TIM_PeriodElapsedCallback)
    HAL_TIM_TriggerCallback                  0x08002397   Thumb Code     2  stm32f1xx_hal_tim.o(i.HAL_TIM_TriggerCallback)
    HAL_UARTEx_RxEventCallback               0x08002399   Thumb Code     2  stm32f1xx_hal_uart.o(i.HAL_UARTEx_RxEventCallback)
    HAL_UART_ErrorCallback                   0x0800239b   Thumb Code     2  stm32f1xx_hal_uart.o(i.HAL_UART_ErrorCallback)
    HAL_UART_IRQHandler                      0x0800239d   Thumb Code   616  stm32f1xx_hal_uart.o(i.HAL_UART_IRQHandler)
    HAL_UART_Init                            0x08002609   Thumb Code   100  stm32f1xx_hal_uart.o(i.HAL_UART_Init)
    HAL_UART_MspInit                         0x0800266d   Thumb Code   184  usart.o(i.HAL_UART_MspInit)
    HAL_UART_Receive                         0x08002735   Thumb Code   176  stm32f1xx_hal_uart.o(i.HAL_UART_Receive)
    HAL_UART_RxCpltCallback                  0x080027e5   Thumb Code     2  stm32f1xx_hal_uart.o(i.HAL_UART_RxCpltCallback)
    HAL_UART_Transmit                        0x080027e7   Thumb Code   160  stm32f1xx_hal_uart.o(i.HAL_UART_Transmit)
    HAL_UART_TxCpltCallback                  0x08002887   Thumb Code     2  stm32f1xx_hal_uart.o(i.HAL_UART_TxCpltCallback)
    HardFault_Handler                        0x08002889   Thumb Code     2  stm32f1xx_it.o(i.HardFault_Handler)
    Key_GetNum                               0x0800288d   Thumb Code    14  key.o(i.Key_GetNum)
    Key_GetState                             0x080028a1   Thumb Code    66  key.o(i.Key_GetState)
    Key_Tick                                 0x080028ed   Thumb Code    44  key.o(i.Key_Tick)
    MPU6050_GetData                          0x0800291d   Thumb Code    82  mpu6050.o(i.MPU6050_GetData)
    MPU6050_Init                             0x0800296f   Thumb Code    54  mpu6050.o(i.MPU6050_Init)
    MPU6050_ReadRegs                         0x080029a5   Thumb Code    92  mpu6050.o(i.MPU6050_ReadRegs)
    MPU6050_WriteReg                         0x08002a01   Thumb Code    48  mpu6050.o(i.MPU6050_WriteReg)
    MX_GPIO_Init                             0x08002a31   Thumb Code   248  gpio.o(i.MX_GPIO_Init)
    MX_SPI1_Init                             0x08002b39   Thumb Code    62  spi.o(i.MX_SPI1_Init)
    MX_TIM1_Init                             0x08002b81   Thumb Code    96  tim.o(i.MX_TIM1_Init)
    MX_TIM2_Init                             0x08002be9   Thumb Code   160  tim.o(i.MX_TIM2_Init)
    MX_TIM3_Init                             0x08002c8d   Thumb Code   110  tim.o(i.MX_TIM3_Init)
    MX_TIM4_Init                             0x08002d05   Thumb Code   112  tim.o(i.MX_TIM4_Init)
    MX_USART1_UART_Init                      0x08002d7d   Thumb Code    48  usart.o(i.MX_USART1_UART_Init)
    MX_USART2_UART_Init                      0x08002db5   Thumb Code    48  usart.o(i.MX_USART2_UART_Init)
    MemManage_Handler                        0x08002ded   Thumb Code     2  stm32f1xx_it.o(i.MemManage_Handler)
    Motor_Init                               0x08002def   Thumb Code     4  motor.o(i.Motor_Init)
    Motor_SetSpeed                           0x08002df5   Thumb Code   138  motor.o(i.Motor_SetSpeed)
    MyI2C_R_SDA                              0x08002e85   Thumb Code    10  myi2c.o(i.MyI2C_R_SDA)
    MyI2C_ReceiveAck                         0x08002e95   Thumb Code    30  myi2c.o(i.MyI2C_ReceiveAck)
    MyI2C_ReceiveByte                        0x08002eb3   Thumb Code    50  myi2c.o(i.MyI2C_ReceiveByte)
    MyI2C_SendAck                            0x08002ee5   Thumb Code    22  myi2c.o(i.MyI2C_SendAck)
    MyI2C_SendByte                           0x08002efb   Thumb Code    44  myi2c.o(i.MyI2C_SendByte)
    MyI2C_Start                              0x08002f27   Thumb Code    30  myi2c.o(i.MyI2C_Start)
    MyI2C_Stop                               0x08002f45   Thumb Code    24  myi2c.o(i.MyI2C_Stop)
    MyI2C_W_SCL                              0x08002f5d   Thumb Code    12  myi2c.o(i.MyI2C_W_SCL)
    MyI2C_W_SDA                              0x08002f6d   Thumb Code    12  myi2c.o(i.MyI2C_W_SDA)
    NMI_Handler                              0x08002f7d   Thumb Code     2  stm32f1xx_it.o(i.NMI_Handler)
    NRF24L01_FlushRx                         0x08002f7f   Thumb Code    24  nrf24l01.o(i.NRF24L01_FlushRx)
    NRF24L01_FlushTx                         0x08002f97   Thumb Code    24  nrf24l01.o(i.NRF24L01_FlushTx)
    NRF24L01_GPIO_Init                       0x08002fb1   Thumb Code    28  nrf24l01.o(i.NRF24L01_GPIO_Init)
    NRF24L01_Init                            0x08002fd1   Thumb Code   104  nrf24l01.o(i.NRF24L01_Init)
    NRF24L01_ReadReg                         0x0800303d   Thumb Code    34  nrf24l01.o(i.NRF24L01_ReadReg)
    NRF24L01_Rx                              0x0800305f   Thumb Code    40  nrf24l01.o(i.NRF24L01_Rx)
    NRF24L01_SPI_SwapByte                    0x08003089   Thumb Code    30  nrf24l01.o(i.NRF24L01_SPI_SwapByte)
    NRF24L01_W_CE                            0x080030ad   Thumb Code    12  nrf24l01.o(i.NRF24L01_W_CE)
    NRF24L01_W_CSN                           0x080030bd   Thumb Code    12  nrf24l01.o(i.NRF24L01_W_CSN)
    NRF24L01_WriteReg                        0x080030cd   Thumb Code    36  nrf24l01.o(i.NRF24L01_WriteReg)
    NRF24L01_WriteRegs                       0x080030f1   Thumb Code    50  nrf24l01.o(i.NRF24L01_WriteRegs)
    OLED_Clear                               0x08003125   Thumb Code    34  oled.o(i.OLED_Clear)
    OLED_ClearArea                           0x0800314d   Thumb Code    86  oled.o(i.OLED_ClearArea)
    OLED_GPIO_Init                           0x080031a9   Thumb Code    38  oled.o(i.OLED_GPIO_Init)
    OLED_I2C_SendByte                        0x080031cf   Thumb Code    58  oled.o(i.OLED_I2C_SendByte)
    OLED_I2C_Start                           0x08003209   Thumb Code    30  oled.o(i.OLED_I2C_Start)
    OLED_I2C_Stop                            0x08003227   Thumb Code    24  oled.o(i.OLED_I2C_Stop)
    OLED_Init                                0x0800323f   Thumb Code   156  oled.o(i.OLED_Init)
    OLED_Printf                              0x080032db   Thumb Code    42  oled.o(i.OLED_Printf)
    OLED_SetCursor                           0x08003305   Thumb Code    34  oled.o(i.OLED_SetCursor)
    OLED_ShowChar                            0x08003329   Thumb Code    52  oled.o(i.OLED_ShowChar)
    OLED_ShowImage                           0x08003365   Thumb Code   182  oled.o(i.OLED_ShowImage)
    OLED_ShowString                          0x08003421   Thumb Code   356  oled.o(i.OLED_ShowString)
    OLED_Update                              0x0800358d   Thumb Code    34  oled.o(i.OLED_Update)
    OLED_W_SCL                               0x080035b5   Thumb Code    12  oled.o(i.OLED_W_SCL)
    OLED_W_SDA                               0x080035c5   Thumb Code    12  oled.o(i.OLED_W_SDA)
    OLED_WriteCommand                        0x080035d5   Thumb Code    34  oled.o(i.OLED_WriteCommand)
    OLED_WriteData                           0x080035f7   Thumb Code    48  oled.o(i.OLED_WriteData)
    PID_Culculate                            0x08003627   Thumb Code   144  pid.o(i.PID_Culculate)
    PID_Init                                 0x080036b7   Thumb Code    42  pid.o(i.PID_Init)
    PWM_Init                                 0x080036e1   Thumb Code    38  pwm.o(i.PWM_Init)
    PWM_SetCompare1                          0x0800370d   Thumb Code     8  pwm.o(i.PWM_SetCompare1)
    PWM_SetCompare2                          0x08003719   Thumb Code     8  pwm.o(i.PWM_SetCompare2)
    PendSV_Handler                           0x08003725   Thumb Code     2  stm32f1xx_it.o(i.PendSV_Handler)
    SVC_Handler                              0x08003815   Thumb Code     2  stm32f1xx_it.o(i.SVC_Handler)
    SysTick_Handler                          0x08003817   Thumb Code     4  stm32f1xx_it.o(i.SysTick_Handler)
    SystemClock_Config                       0x0800381b   Thumb Code    94  main.o(i.SystemClock_Config)
    SystemInit                               0x08003879   Thumb Code     2  system_stm32f1xx.o(i.SystemInit)
    TIM1_UP_IRQHandler                       0x0800387d   Thumb Code    16  stm32f1xx_it.o(i.TIM1_UP_IRQHandler)
    TIM_Base_SetConfig                       0x08003891   Thumb Code   108  stm32f1xx_hal_tim.o(i.TIM_Base_SetConfig)
    TIM_CCxChannelCmd                        0x08003909   Thumb Code    26  stm32f1xx_hal_tim.o(i.TIM_CCxChannelCmd)
    TIM_ETR_SetConfig                        0x08003923   Thumb Code    20  stm32f1xx_hal_tim.o(i.TIM_ETR_SetConfig)
    TIM_OC2_SetConfig                        0x08003999   Thumb Code    84  stm32f1xx_hal_tim.o(i.TIM_OC2_SetConfig)
    Timer_Init                               0x08003ad5   Thumb Code   118  timer.o(i.Timer_Init)
    Timer_Update_Handler                     0x08003b8d   Thumb Code   570  timer.o(i.Timer_Update_Handler)
    UATR_Init                                0x0800405d   Thumb Code    30  uart.o(i.UATR_Init)
    UATR_RXNE_Handler                        0x08004085   Thumb Code    96  uart.o(i.UATR_RXNE_Handler)
    USART2_IRQHandler                        0x080040f5   Thumb Code    16  stm32f1xx_it.o(i.USART2_IRQHandler)
    UsageFault_Handler                       0x08004109   Thumb Code     2  stm32f1xx_it.o(i.UsageFault_Handler)
    __0printf                                0x0800410d   Thumb Code    22  printfa.o(i.__0printf)
    __1printf                                0x0800410d   Thumb Code     0  printfa.o(i.__0printf)
    __2printf                                0x0800410d   Thumb Code     0  printfa.o(i.__0printf)
    __c89printf                              0x0800410d   Thumb Code     0  printfa.o(i.__0printf)
    printf                                   0x0800410d   Thumb Code     0  printfa.o(i.__0printf)
    __0vsprintf                              0x0800412d   Thumb Code    30  printfa.o(i.__0vsprintf)
    __1vsprintf                              0x0800412d   Thumb Code     0  printfa.o(i.__0vsprintf)
    __2vsprintf                              0x0800412d   Thumb Code     0  printfa.o(i.__0vsprintf)
    __c89vsprintf                            0x0800412d   Thumb Code     0  printfa.o(i.__0vsprintf)
    vsprintf                                 0x0800412d   Thumb Code     0  printfa.o(i.__0vsprintf)
    __ARM_fpclassify                         0x08004151   Thumb Code    40  fpclassify.o(i.__ARM_fpclassify)
    __aeabi_errno_addr                       0x08004199   Thumb Code     4  errno.o(i.__aeabi_errno_addr)
    __rt_errno_addr                          0x08004199   Thumb Code     0  errno.o(i.__aeabi_errno_addr)
    __kernel_poly                            0x080041a1   Thumb Code   170  poly.o(i.__kernel_poly)
    __mathlib_dbl_infnan                     0x0800424b   Thumb Code     6  dunder.o(i.__mathlib_dbl_infnan)
    __mathlib_dbl_infnan2                    0x08004251   Thumb Code     4  dunder.o(i.__mathlib_dbl_infnan2)
    __mathlib_dbl_underflow                  0x08004255   Thumb Code    10  dunder.o(i.__mathlib_dbl_underflow)
    __read_errno                             0x08004265   Thumb Code     6  errno.o(i.__read_errno)
    __scatterload_copy                       0x08004271   Thumb Code    14  handlers.o(i.__scatterload_copy)
    __scatterload_null                       0x0800427f   Thumb Code     2  handlers.o(i.__scatterload_null)
    __scatterload_zeroinit                   0x08004281   Thumb Code    14  handlers.o(i.__scatterload_zeroinit)
    __set_errno                              0x08004291   Thumb Code     6  errno.o(i.__set_errno)
    _is_digit                                0x08004421   Thumb Code    14  scanf_fp.o(i._is_digit)
    atan                                     0x08004b69   Thumb Code   474  atan.o(i.atan)
    atan2                                    0x08004d89   Thumb Code   346  atan2.o(i.atan2)
    atof                                     0x08004f09   Thumb Code    42  atof.o(i.atof)
    fputc                                    0x08004f35   Thumb Code    20  main.o(i.fputc)
    main                                     0x08004f4d   Thumb Code  1582  main.o(i.main)
    AHBPrescTable                            0x080055a2   Data          16  system_stm32f1xx.o(.constdata)
    APBPrescTable                            0x080055b2   Data           8  system_stm32f1xx.o(.constdata)
    OLED_F8x16                               0x080055ba   Data        1520  oled_data.o(.constdata)
    OLED_F6x8                                0x08005baa   Data         570  oled_data.o(.constdata)
    OLED_CF16x16                             0x08005de4   Data         259  oled_data.o(.constdata)
    __mathlib_zero                           0x08005f80   Data           8  qnan.o(.constdata)
    __ctype_table                            0x08005f88   Data         129  ctype_o.o(.constdata)
    Region$$Table$$Base                      0x08006010   Number         0  anon$$obj.o(Region$$Table)
    Region$$Table$$Limit                     0x08006030   Number         0  anon$$obj.o(Region$$Table)
    uwTickFreq                               0x20000000   Data           1  stm32f1xx_hal.o(.data)
    uwTickPrio                               0x20000004   Data           4  stm32f1xx_hal.o(.data)
    uwTick                                   0x20000008   Data           4  stm32f1xx_hal.o(.data)
    SystemCoreClock                          0x2000000c   Data           4  system_stm32f1xx.o(.data)
    KeyNum                                   0x20000010   Data           1  main.o(.data)
    MPU6050_Data_Flag                        0x20000014   Data           1  timer.o(.data)
    RunFlag                                  0x20000015   Data           1  timer.o(.data)
    AX                                       0x2000001a   Data           2  timer.o(.data)
    AY                                       0x2000001c   Data           2  timer.o(.data)
    AZ                                       0x2000001e   Data           2  timer.o(.data)
    GX                                       0x20000020   Data           2  timer.o(.data)
    GY                                       0x20000022   Data           2  timer.o(.data)
    GZ                                       0x20000024   Data           2  timer.o(.data)
    Timecount                                0x20000026   Data           2  timer.o(.data)
    LeftPWM                                  0x20000028   Data           2  timer.o(.data)
    RightPWM                                 0x2000002a   Data           2  timer.o(.data)
    AvePWM                                   0x2000002c   Data           2  timer.o(.data)
    DifPWM                                   0x2000002e   Data           2  timer.o(.data)
    SpeedL                                   0x20000030   Data           4  timer.o(.data)
    SpeedR                                   0x20000034   Data           4  timer.o(.data)
    AngleAcc                                 0x20000038   Data           4  timer.o(.data)
    AngleGyro                                0x2000003c   Data           4  timer.o(.data)
    Angle                                    0x20000040   Data           4  timer.o(.data)
    AveSpeed                                 0x20000044   Data           4  timer.o(.data)
    DifSpeed                                 0x20000048   Data           4  timer.o(.data)
    Key_Num                                  0x2000004f   Data           1  key.o(.data)
    BlueSerial_Rx_Flag                       0x20000051   Data           1  uart.o(.data)
    NRF24L01_TxAddress                       0x20000054   Data           5  nrf24l01.o(.data)
    NRF24L01_RxAddress                       0x20000059   Data           5  nrf24l01.o(.data)
    __stdout                                 0x20000064   Data           4  stdout.o(.data)
    hspi1                                    0x2000006c   Data          88  spi.o(.bss)
    htim1                                    0x200000c4   Data          72  tim.o(.bss)
    htim2                                    0x2000010c   Data          72  tim.o(.bss)
    htim3                                    0x20000154   Data          72  tim.o(.bss)
    htim4                                    0x2000019c   Data          72  tim.o(.bss)
    huart1                                   0x200001e4   Data          72  usart.o(.bss)
    huart2                                   0x2000022c   Data          72  usart.o(.bss)
    OLED_DisplayBuf                          0x20000274   Data        1024  oled.o(.bss)
    AnglePID                                 0x20000674   Data          60  timer.o(.bss)
    SpeedPID                                 0x200006b0   Data          60  timer.o(.bss)
    TurnPID                                  0x200006ec   Data          60  timer.o(.bss)
    BlueSerial_Rx_Data                       0x20000728   Data         100  uart.o(.bss)
    __initial_sp                             0x20000b90   Data           0  startup_stm32f103xb.o(STACK)



==============================================================================

Memory Map of the image

  Image Entry point : 0x080000ed

  Load Region LR_IROM1 (Base: 0x08000000, Size: 0x0000609c, Max: 0x00010000, ABSOLUTE)

    Execution Region ER_IROM1 (Exec base: 0x08000000, Load base: 0x08000000, Size: 0x00006030, Max: 0x00010000, ABSOLUTE)

    Exec Addr    Load Addr    Size         Type   Attr      Idx    E Section Name        Object

    0x08000000   0x08000000   0x000000ec   Data   RO            3    RESET               startup_stm32f103xb.o
    0x080000ec   0x080000ec   0x00000000   Code   RO         4090  * .ARM.Collect$$$$00000000  mc_w.l(entry.o)
    0x080000ec   0x080000ec   0x00000004   Code   RO         4431    .ARM.Collect$$$$00000001  mc_w.l(entry2.o)
    0x080000f0   0x080000f0   0x00000004   Code   RO         4434    .ARM.Collect$$$$00000004  mc_w.l(entry5.o)
    0x080000f4   0x080000f4   0x00000000   Code   RO         4436    .ARM.Collect$$$$00000008  mc_w.l(entry7b.o)
    0x080000f4   0x080000f4   0x00000000   Code   RO         4438    .ARM.Collect$$$$0000000A  mc_w.l(entry8b.o)
    0x080000f4   0x080000f4   0x00000008   Code   RO         4439    .ARM.Collect$$$$0000000B  mc_w.l(entry9a.o)
    0x080000fc   0x080000fc   0x00000000   Code   RO         4441    .ARM.Collect$$$$0000000D  mc_w.l(entry10a.o)
    0x080000fc   0x080000fc   0x00000000   Code   RO         4443    .ARM.Collect$$$$0000000F  mc_w.l(entry11a.o)
    0x080000fc   0x080000fc   0x00000004   Code   RO         4432    .ARM.Collect$$$$00002712  mc_w.l(entry2.o)
    0x08000100   0x08000100   0x00000024   Code   RO            4    .text               startup_stm32f103xb.o
    0x08000124   0x08000124   0x00000020   Code   RO         4093    .text               mc_w.l(llushr.o)
    0x08000144   0x08000144   0x00000024   Code   RO         4095    .text               mc_w.l(memseta.o)
    0x08000168   0x08000168   0x0000001c   Code   RO         4097    .text               mc_w.l(strcmp.o)
    0x08000184   0x08000184   0x00000044   Code   RO         4099    .text               mc_w.l(strtok.o)
    0x080001c8   0x080001c8   0x0000001a   Code   RO         4366    .text               mc_w.l(atoi.o)
    0x080001e2   0x080001e2   0x000000b0   Code   RO         4368    .text               mf_w.l(fadd.o)
    0x08000292   0x08000292   0x00000064   Code   RO         4370    .text               mf_w.l(fmul.o)
    0x080002f6   0x080002f6   0x00000018   Code   RO         4372    .text               mf_w.l(fscalb.o)
    0x0800030e   0x0800030e   0x0000014e   Code   RO         4374    .text               mf_w.l(dadd.o)
    0x0800045c   0x0800045c   0x000000e4   Code   RO         4376    .text               mf_w.l(dmul.o)
    0x08000540   0x08000540   0x000000de   Code   RO         4378    .text               mf_w.l(ddiv.o)
    0x0800061e   0x0800061e   0x0000002e   Code   RO         4380    .text               mf_w.l(dscalb.o)
    0x0800064c   0x0800064c   0x00000022   Code   RO         4384    .text               mf_w.l(dflti.o)
    0x0800066e   0x0800066e   0x00000032   Code   RO         4388    .text               mf_w.l(ffixi.o)
    0x080006a0   0x080006a0   0x00000026   Code   RO         4394    .text               mf_w.l(f2d.o)
    0x080006c6   0x080006c6   0x00000002   PAD
    0x080006c8   0x080006c8   0x00000030   Code   RO         4398    .text               mf_w.l(cdrcmple.o)
    0x080006f8   0x080006f8   0x00000038   Code   RO         4400    .text               mf_w.l(d2f.o)
    0x08000730   0x08000730   0x00000014   Code   RO         4402    .text               mf_w.l(cfcmple.o)
    0x08000744   0x08000744   0x00000014   Code   RO         4404    .text               mf_w.l(cfrcmple.o)
    0x08000758   0x08000758   0x0000002c   Code   RO         4446    .text               mc_w.l(uidiv.o)
    0x08000784   0x08000784   0x00000062   Code   RO         4448    .text               mc_w.l(uldiv.o)
    0x080007e6   0x080007e6   0x0000001e   Code   RO         4450    .text               mc_w.l(llshl.o)
    0x08000804   0x08000804   0x00000024   Code   RO         4452    .text               mc_w.l(llsshr.o)
    0x08000828   0x08000828   0x0000009c   Code   RO         4461    .text               mc_w.l(strtod.o)
    0x080008c4   0x080008c4   0x00000070   Code   RO         4463    .text               mc_w.l(strtol.o)
    0x08000934   0x08000934   0x00000000   Code   RO         4465    .text               mc_w.l(iusefp.o)
    0x08000934   0x08000934   0x0000006e   Code   RO         4466    .text               mf_w.l(fepilogue.o)
    0x080009a2   0x080009a2   0x000000ba   Code   RO         4468    .text               mf_w.l(depilogue.o)
    0x08000a5c   0x08000a5c   0x00000030   Code   RO         4472    .text               mf_w.l(dfixul.o)
    0x08000a8c   0x08000a8c   0x00000024   Code   RO         4478    .text               mc_w.l(init.o)
    0x08000ab0   0x08000ab0   0x00000008   Code   RO         4482    .text               mc_w.l(ctype_o.o)
    0x08000ab8   0x08000ab8   0x00000012   Code   RO         4504    .text               mc_w.l(isspace_o.o)
    0x08000aca   0x08000aca   0x00000002   PAD
    0x08000acc   0x08000acc   0x00000360   Code   RO         4510    .text               mc_w.l(scanf_fp.o)
    0x08000e2c   0x08000e2c   0x00000040   Code   RO         4514    .text               mc_w.l(_sgetc.o)
    0x08000e6c   0x08000e6c   0x0000009e   Code   RO         4516    .text               mc_w.l(_strtoul.o)
    0x08000f0a   0x08000f0a   0x0000001c   Code   RO         4521    .text               mc_w.l(_chval.o)
    0x08000f26   0x08000f26   0x00000018   Code   RO         4523    .text               mf_w.l(dfltul.o)
    0x08000f3e   0x08000f3e   0x00000002   Code   RO         3155    i.BusFault_Handler  stm32f1xx_it.o
    0x08000f40   0x08000f40   0x00000002   Code   RO         3156    i.DebugMon_Handler  stm32f1xx_it.o
    0x08000f42   0x08000f42   0x00000002   PAD
    0x08000f44   0x08000f44   0x00000024   Code   RO         3838    i.Encoder_Get       encoder.o
    0x08000f68   0x08000f68   0x00000044   Code   RO         3839    i.Encoder_Init      encoder.o
    0x08000fac   0x08000fac   0x00000004   Code   RO         2859    i.Error_Handler     main.o
    0x08000fb0   0x08000fb0   0x00000018   Code   RO         3868    i.GET_BlueSerial_RX_Flag  uart.o
    0x08000fc8   0x08000fc8   0x00000046   Code   RO          840    i.HAL_DMA_Abort     stm32f1xx_hal_dma.o
    0x0800100e   0x0800100e   0x00000002   PAD
    0x08001010   0x08001010   0x00000098   Code   RO          841    i.HAL_DMA_Abort_IT  stm32f1xx_hal_dma.o
    0x080010a8   0x080010a8   0x000001e0   Code   RO          776    i.HAL_GPIO_Init     stm32f1xx_hal_gpio.o
    0x08001288   0x08001288   0x0000000a   Code   RO          778    i.HAL_GPIO_ReadPin  stm32f1xx_hal_gpio.o
    0x08001292   0x08001292   0x0000000a   Code   RO          780    i.HAL_GPIO_WritePin  stm32f1xx_hal_gpio.o
    0x0800129c   0x0800129c   0x0000000c   Code   RO          470    i.HAL_GetTick       stm32f1xx_hal.o
    0x080012a8   0x080012a8   0x00000010   Code   RO          476    i.HAL_IncTick       stm32f1xx_hal.o
    0x080012b8   0x080012b8   0x00000024   Code   RO          477    i.HAL_Init          stm32f1xx_hal.o
    0x080012dc   0x080012dc   0x00000040   Code   RO          478    i.HAL_InitTick      stm32f1xx_hal.o
    0x0800131c   0x0800131c   0x0000003c   Code   RO         3247    i.HAL_MspInit       stm32f1xx_hal_msp.o
    0x08001358   0x08001358   0x0000001a   Code   RO          936    i.HAL_NVIC_EnableIRQ  stm32f1xx_hal_cortex.o
    0x08001372   0x08001372   0x00000002   PAD
    0x08001374   0x08001374   0x00000040   Code   RO          942    i.HAL_NVIC_SetPriority  stm32f1xx_hal_cortex.o
    0x080013b4   0x080013b4   0x00000024   Code   RO          943    i.HAL_NVIC_SetPriorityGrouping  stm32f1xx_hal_cortex.o
    0x080013d8   0x080013d8   0x0000012c   Code   RO          634    i.HAL_RCC_ClockConfig  stm32f1xx_hal_rcc.o
    0x08001504   0x08001504   0x00000020   Code   RO          641    i.HAL_RCC_GetPCLK1Freq  stm32f1xx_hal_rcc.o
    0x08001524   0x08001524   0x00000020   Code   RO          642    i.HAL_RCC_GetPCLK2Freq  stm32f1xx_hal_rcc.o
    0x08001544   0x08001544   0x0000004c   Code   RO          643    i.HAL_RCC_GetSysClockFreq  stm32f1xx_hal_rcc.o
    0x08001590   0x08001590   0x00000320   Code   RO          646    i.HAL_RCC_OscConfig  stm32f1xx_hal_rcc.o
    0x080018b0   0x080018b0   0x000000b2   Code   RO          148    i.HAL_SPI_Init      stm32f1xx_hal_spi.o
    0x08001962   0x08001962   0x00000002   PAD
    0x08001964   0x08001964   0x00000084   Code   RO         3000    i.HAL_SPI_MspInit   spi.o
    0x080019e8   0x080019e8   0x000001f0   Code   RO          157    i.HAL_SPI_TransmitReceive  stm32f1xx_hal_spi.o
    0x08001bd8   0x08001bd8   0x00000028   Code   RO          947    i.HAL_SYSTICK_Config  stm32f1xx_hal_cortex.o
    0x08001c00   0x08001c00   0x00000002   Code   RO         2142    i.HAL_TIMEx_BreakCallback  stm32f1xx_hal_tim_ex.o
    0x08001c02   0x08001c02   0x00000002   Code   RO         2143    i.HAL_TIMEx_CommutCallback  stm32f1xx_hal_tim_ex.o
    0x08001c04   0x08001c04   0x00000068   Code   RO         2161    i.HAL_TIMEx_MasterConfigSynchronization  stm32f1xx_hal_tim_ex.o
    0x08001c6c   0x08001c6c   0x0000005a   Code   RO         1438    i.HAL_TIM_Base_Init  stm32f1xx_hal_tim.o
    0x08001cc6   0x08001cc6   0x00000002   PAD
    0x08001cc8   0x08001cc8   0x000000d0   Code   RO         3042    i.HAL_TIM_Base_MspInit  tim.o
    0x08001d98   0x08001d98   0x00000050   Code   RO         1441    i.HAL_TIM_Base_Start  stm32f1xx_hal_tim.o
    0x08001de8   0x08001de8   0x00000058   Code   RO         1443    i.HAL_TIM_Base_Start_IT  stm32f1xx_hal_tim.o
    0x08001e40   0x08001e40   0x000000dc   Code   RO         1447    i.HAL_TIM_ConfigClockSource  stm32f1xx_hal_tim.o
    0x08001f1c   0x08001f1c   0x000000a4   Code   RO         1459    i.HAL_TIM_Encoder_Init  stm32f1xx_hal_tim.o
    0x08001fc0   0x08001fc0   0x00000002   Code   RO         1461    i.HAL_TIM_Encoder_MspInit  stm32f1xx_hal_tim.o
    0x08001fc2   0x08001fc2   0x0000008e   Code   RO         1462    i.HAL_TIM_Encoder_Start  stm32f1xx_hal_tim.o
    0x08002050   0x08002050   0x00000002   Code   RO         1472    i.HAL_TIM_IC_CaptureCallback  stm32f1xx_hal_tim.o
    0x08002052   0x08002052   0x00000130   Code   RO         1486    i.HAL_TIM_IRQHandler  stm32f1xx_hal_tim.o
    0x08002182   0x08002182   0x00000002   PAD
    0x08002184   0x08002184   0x00000048   Code   RO         3043    i.HAL_TIM_MspPostInit  tim.o
    0x080021cc   0x080021cc   0x00000002   Code   RO         1489    i.HAL_TIM_OC_DelayElapsedCallback  stm32f1xx_hal_tim.o
    0x080021ce   0x080021ce   0x000000cc   Code   RO         1510    i.HAL_TIM_PWM_ConfigChannel  stm32f1xx_hal_tim.o
    0x0800229a   0x0800229a   0x0000005a   Code   RO         1513    i.HAL_TIM_PWM_Init  stm32f1xx_hal_tim.o
    0x080022f4   0x080022f4   0x00000002   Code   RO         1515    i.HAL_TIM_PWM_MspInit  stm32f1xx_hal_tim.o
    0x080022f6   0x080022f6   0x00000002   Code   RO         1516    i.HAL_TIM_PWM_PulseFinishedCallback  stm32f1xx_hal_tim.o
    0x080022f8   0x080022f8   0x0000009c   Code   RO         1518    i.HAL_TIM_PWM_Start  stm32f1xx_hal_tim.o
    0x08002394   0x08002394   0x00000002   Code   RO         1524    i.HAL_TIM_PeriodElapsedCallback  stm32f1xx_hal_tim.o
    0x08002396   0x08002396   0x00000002   Code   RO         1529    i.HAL_TIM_TriggerCallback  stm32f1xx_hal_tim.o
    0x08002398   0x08002398   0x00000002   Code   RO         2421    i.HAL_UARTEx_RxEventCallback  stm32f1xx_hal_uart.o
    0x0800239a   0x0800239a   0x00000002   Code   RO         2435    i.HAL_UART_ErrorCallback  stm32f1xx_hal_uart.o
    0x0800239c   0x0800239c   0x0000026c   Code   RO         2438    i.HAL_UART_IRQHandler  stm32f1xx_hal_uart.o
    0x08002608   0x08002608   0x00000064   Code   RO         2439    i.HAL_UART_Init     stm32f1xx_hal_uart.o
    0x0800266c   0x0800266c   0x000000c8   Code   RO         3108    i.HAL_UART_MspInit  usart.o
    0x08002734   0x08002734   0x000000b0   Code   RO         2442    i.HAL_UART_Receive  stm32f1xx_hal_uart.o
    0x080027e4   0x080027e4   0x00000002   Code   RO         2445    i.HAL_UART_RxCpltCallback  stm32f1xx_hal_uart.o
    0x080027e6   0x080027e6   0x000000a0   Code   RO         2447    i.HAL_UART_Transmit  stm32f1xx_hal_uart.o
    0x08002886   0x08002886   0x00000002   Code   RO         2450    i.HAL_UART_TxCpltCallback  stm32f1xx_hal_uart.o
    0x08002888   0x08002888   0x00000002   Code   RO         3157    i.HardFault_Handler  stm32f1xx_it.o
    0x0800288a   0x0800288a   0x00000002   PAD
    0x0800288c   0x0800288c   0x00000014   Code   RO         3597    i.Key_GetNum        key.o
    0x080028a0   0x080028a0   0x0000004c   Code   RO         3598    i.Key_GetState      key.o
    0x080028ec   0x080028ec   0x00000030   Code   RO         3599    i.Key_Tick          key.o
    0x0800291c   0x0800291c   0x00000052   Code   RO         3636    i.MPU6050_GetData   mpu6050.o
    0x0800296e   0x0800296e   0x00000036   Code   RO         3638    i.MPU6050_Init      mpu6050.o
    0x080029a4   0x080029a4   0x0000005c   Code   RO         3640    i.MPU6050_ReadRegs  mpu6050.o
    0x08002a00   0x08002a00   0x00000030   Code   RO         3641    i.MPU6050_WriteReg  mpu6050.o
    0x08002a30   0x08002a30   0x00000108   Code   RO         2975    i.MX_GPIO_Init      gpio.o
    0x08002b38   0x08002b38   0x00000048   Code   RO         3001    i.MX_SPI1_Init      spi.o
    0x08002b80   0x08002b80   0x00000068   Code   RO         3044    i.MX_TIM1_Init      tim.o
    0x08002be8   0x08002be8   0x000000a4   Code   RO         3045    i.MX_TIM2_Init      tim.o
    0x08002c8c   0x08002c8c   0x00000078   Code   RO         3046    i.MX_TIM3_Init      tim.o
    0x08002d04   0x08002d04   0x00000078   Code   RO         3047    i.MX_TIM4_Init      tim.o
    0x08002d7c   0x08002d7c   0x00000038   Code   RO         3109    i.MX_USART1_UART_Init  usart.o
    0x08002db4   0x08002db4   0x00000038   Code   RO         3110    i.MX_USART2_UART_Init  usart.o
    0x08002dec   0x08002dec   0x00000002   Code   RO         3158    i.MemManage_Handler  stm32f1xx_it.o
    0x08002dee   0x08002dee   0x00000004   Code   RO         3769    i.Motor_Init        motor.o
    0x08002df2   0x08002df2   0x00000002   PAD
    0x08002df4   0x08002df4   0x00000090   Code   RO         3770    i.Motor_SetSpeed    motor.o
    0x08002e84   0x08002e84   0x00000010   Code   RO         3696    i.MyI2C_R_SDA       myi2c.o
    0x08002e94   0x08002e94   0x0000001e   Code   RO         3697    i.MyI2C_ReceiveAck  myi2c.o
    0x08002eb2   0x08002eb2   0x00000032   Code   RO         3698    i.MyI2C_ReceiveByte  myi2c.o
    0x08002ee4   0x08002ee4   0x00000016   Code   RO         3699    i.MyI2C_SendAck     myi2c.o
    0x08002efa   0x08002efa   0x0000002c   Code   RO         3700    i.MyI2C_SendByte    myi2c.o
    0x08002f26   0x08002f26   0x0000001e   Code   RO         3701    i.MyI2C_Start       myi2c.o
    0x08002f44   0x08002f44   0x00000018   Code   RO         3702    i.MyI2C_Stop        myi2c.o
    0x08002f5c   0x08002f5c   0x00000010   Code   RO         3703    i.MyI2C_W_SCL       myi2c.o
    0x08002f6c   0x08002f6c   0x00000010   Code   RO         3704    i.MyI2C_W_SDA       myi2c.o
    0x08002f7c   0x08002f7c   0x00000002   Code   RO         3159    i.NMI_Handler       stm32f1xx_it.o
    0x08002f7e   0x08002f7e   0x00000018   Code   RO         3938    i.NRF24L01_FlushRx  nrf24l01.o
    0x08002f96   0x08002f96   0x00000018   Code   RO         3939    i.NRF24L01_FlushTx  nrf24l01.o
    0x08002fae   0x08002fae   0x00000002   PAD
    0x08002fb0   0x08002fb0   0x00000020   Code   RO         3940    i.NRF24L01_GPIO_Init  nrf24l01.o
    0x08002fd0   0x08002fd0   0x0000006c   Code   RO         3941    i.NRF24L01_Init     nrf24l01.o
    0x0800303c   0x0800303c   0x00000022   Code   RO         3943    i.NRF24L01_ReadReg  nrf24l01.o
    0x0800305e   0x0800305e   0x00000028   Code   RO         3948    i.NRF24L01_Rx       nrf24l01.o
    0x08003086   0x08003086   0x00000002   PAD
    0x08003088   0x08003088   0x00000024   Code   RO         3949    i.NRF24L01_SPI_SwapByte  nrf24l01.o
    0x080030ac   0x080030ac   0x00000010   Code   RO         3954    i.NRF24L01_W_CE     nrf24l01.o
    0x080030bc   0x080030bc   0x00000010   Code   RO         3955    i.NRF24L01_W_CSN    nrf24l01.o
    0x080030cc   0x080030cc   0x00000024   Code   RO         3956    i.NRF24L01_WriteReg  nrf24l01.o
    0x080030f0   0x080030f0   0x00000032   Code   RO         3957    i.NRF24L01_WriteRegs  nrf24l01.o
    0x08003122   0x08003122   0x00000002   PAD
    0x08003124   0x08003124   0x00000028   Code   RO         3271    i.OLED_Clear        oled.o
    0x0800314c   0x0800314c   0x0000005c   Code   RO         3272    i.OLED_ClearArea    oled.o
    0x080031a8   0x080031a8   0x00000026   Code   RO         3280    i.OLED_GPIO_Init    oled.o
    0x080031ce   0x080031ce   0x0000003a   Code   RO         3282    i.OLED_I2C_SendByte  oled.o
    0x08003208   0x08003208   0x0000001e   Code   RO         3283    i.OLED_I2C_Start    oled.o
    0x08003226   0x08003226   0x00000018   Code   RO         3284    i.OLED_I2C_Stop     oled.o
    0x0800323e   0x0800323e   0x0000009c   Code   RO         3285    i.OLED_Init         oled.o
    0x080032da   0x080032da   0x0000002a   Code   RO         3288    i.OLED_Printf       oled.o
    0x08003304   0x08003304   0x00000022   Code   RO         3291    i.OLED_SetCursor    oled.o
    0x08003326   0x08003326   0x00000002   PAD
    0x08003328   0x08003328   0x0000003c   Code   RO         3293    i.OLED_ShowChar     oled.o
    0x08003364   0x08003364   0x000000bc   Code   RO         3296    i.OLED_ShowImage    oled.o
    0x08003420   0x08003420   0x0000016c   Code   RO         3299    i.OLED_ShowString   oled.o
    0x0800358c   0x0800358c   0x00000028   Code   RO         3300    i.OLED_Update       oled.o
    0x080035b4   0x080035b4   0x00000010   Code   RO         3302    i.OLED_W_SCL        oled.o
    0x080035c4   0x080035c4   0x00000010   Code   RO         3303    i.OLED_W_SDA        oled.o
    0x080035d4   0x080035d4   0x00000022   Code   RO         3304    i.OLED_WriteCommand  oled.o
    0x080035f6   0x080035f6   0x00000030   Code   RO         3305    i.OLED_WriteData    oled.o
    0x08003626   0x08003626   0x00000090   Code   RO         3908    i.PID_Culculate     pid.o
    0x080036b6   0x080036b6   0x0000002a   Code   RO         3909    i.PID_Init          pid.o
    0x080036e0   0x080036e0   0x0000002c   Code   RO         3802    i.PWM_Init          pwm.o
    0x0800370c   0x0800370c   0x0000000c   Code   RO         3803    i.PWM_SetCompare1   pwm.o
    0x08003718   0x08003718   0x0000000c   Code   RO         3804    i.PWM_SetCompare2   pwm.o
    0x08003724   0x08003724   0x00000002   Code   RO         3160    i.PendSV_Handler    stm32f1xx_it.o
    0x08003726   0x08003726   0x00000034   Code   RO          186    i.SPI_EndRxTxTransaction  stm32f1xx_hal_spi.o
    0x0800375a   0x0800375a   0x00000002   PAD
    0x0800375c   0x0800375c   0x000000b8   Code   RO          191    i.SPI_WaitFlagStateUntilTimeout  stm32f1xx_hal_spi.o
    0x08003814   0x08003814   0x00000002   Code   RO         3161    i.SVC_Handler       stm32f1xx_it.o
    0x08003816   0x08003816   0x00000004   Code   RO         3162    i.SysTick_Handler   stm32f1xx_it.o
    0x0800381a   0x0800381a   0x0000005e   Code   RO         2860    i.SystemClock_Config  main.o
    0x08003878   0x08003878   0x00000002   Code   RO         2773    i.SystemInit        system_stm32f1xx.o
    0x0800387a   0x0800387a   0x00000002   PAD
    0x0800387c   0x0800387c   0x00000014   Code   RO         3163    i.TIM1_UP_IRQHandler  stm32f1xx_it.o
    0x08003890   0x08003890   0x00000078   Code   RO         1531    i.TIM_Base_SetConfig  stm32f1xx_hal_tim.o
    0x08003908   0x08003908   0x0000001a   Code   RO         1532    i.TIM_CCxChannelCmd  stm32f1xx_hal_tim.o
    0x08003922   0x08003922   0x00000014   Code   RO         1542    i.TIM_ETR_SetConfig  stm32f1xx_hal_tim.o
    0x08003936   0x08003936   0x00000010   Code   RO         1543    i.TIM_ITRx_SetConfig  stm32f1xx_hal_tim.o
    0x08003946   0x08003946   0x00000002   PAD
    0x08003948   0x08003948   0x00000050   Code   RO         1544    i.TIM_OC1_SetConfig  stm32f1xx_hal_tim.o
    0x08003998   0x08003998   0x00000058   Code   RO         1545    i.TIM_OC2_SetConfig  stm32f1xx_hal_tim.o
    0x080039f0   0x080039f0   0x00000058   Code   RO         1546    i.TIM_OC3_SetConfig  stm32f1xx_hal_tim.o
    0x08003a48   0x08003a48   0x00000044   Code   RO         1547    i.TIM_OC4_SetConfig  stm32f1xx_hal_tim.o
    0x08003a8c   0x08003a8c   0x00000022   Code   RO         1549    i.TIM_TI1_ConfigInputStage  stm32f1xx_hal_tim.o
    0x08003aae   0x08003aae   0x00000024   Code   RO         1551    i.TIM_TI2_ConfigInputStage  stm32f1xx_hal_tim.o
    0x08003ad2   0x08003ad2   0x00000002   PAD
    0x08003ad4   0x08003ad4   0x000000b8   Code   RO         3539    i.Timer_Init        timer.o
    0x08003b8c   0x08003b8c   0x00000284   Code   RO         3540    i.Timer_Update_Handler  timer.o
    0x08003e10   0x08003e10   0x00000010   Code   RO         2452    i.UART_DMAAbortOnError  stm32f1xx_hal_uart.o
    0x08003e20   0x08003e20   0x0000004e   Code   RO         2462    i.UART_EndRxTransfer  stm32f1xx_hal_uart.o
    0x08003e6e   0x08003e6e   0x000000c2   Code   RO         2464    i.UART_Receive_IT   stm32f1xx_hal_uart.o
    0x08003f30   0x08003f30   0x000000b8   Code   RO         2465    i.UART_SetConfig    stm32f1xx_hal_uart.o
    0x08003fe8   0x08003fe8   0x00000072   Code   RO         2468    i.UART_WaitOnFlagUntilTimeout  stm32f1xx_hal_uart.o
    0x0800405a   0x0800405a   0x00000002   PAD
    0x0800405c   0x0800405c   0x00000028   Code   RO         3869    i.UATR_Init         uart.o
    0x08004084   0x08004084   0x00000070   Code   RO         3870    i.UATR_RXNE_Handler  uart.o
    0x080040f4   0x080040f4   0x00000014   Code   RO         3164    i.USART2_IRQHandler  stm32f1xx_it.o
    0x08004108   0x08004108   0x00000002   Code   RO         3165    i.UsageFault_Handler  stm32f1xx_it.o
    0x0800410a   0x0800410a   0x00000002   PAD
    0x0800410c   0x0800410c   0x00000020   Code   RO         4338    i.__0printf         mc_w.l(printfa.o)
    0x0800412c   0x0800412c   0x00000024   Code   RO         4344    i.__0vsprintf       mc_w.l(printfa.o)
    0x08004150   0x08004150   0x00000028   Code   RO         4474    i.__ARM_fpclassify  m_ws.l(fpclassify.o)
    0x08004178   0x08004178   0x00000020   Code   RO          949    i.__NVIC_SetPriority  stm32f1xx_hal_cortex.o
    0x08004198   0x08004198   0x00000008   Code   RO         4454    i.__aeabi_errno_addr  mc_w.l(errno.o)
    0x080041a0   0x080041a0   0x000000aa   Code   RO         4476    i.__kernel_poly     m_ws.l(poly.o)
    0x0800424a   0x0800424a   0x00000006   Code   RO         4417    i.__mathlib_dbl_infnan  m_ws.l(dunder.o)
    0x08004250   0x08004250   0x00000004   Code   RO         4418    i.__mathlib_dbl_infnan2  m_ws.l(dunder.o)
    0x08004254   0x08004254   0x00000010   Code   RO         4422    i.__mathlib_dbl_underflow  m_ws.l(dunder.o)
    0x08004264   0x08004264   0x0000000c   Code   RO         4455    i.__read_errno      mc_w.l(errno.o)
    0x08004270   0x08004270   0x0000000e   Code   RO         4527    i.__scatterload_copy  mc_w.l(handlers.o)
    0x0800427e   0x0800427e   0x00000002   Code   RO         4528    i.__scatterload_null  mc_w.l(handlers.o)
    0x08004280   0x08004280   0x0000000e   Code   RO         4529    i.__scatterload_zeroinit  mc_w.l(handlers.o)
    0x0800428e   0x0800428e   0x00000002   PAD
    0x08004290   0x08004290   0x0000000c   Code   RO         4456    i.__set_errno       mc_w.l(errno.o)
    0x0800429c   0x0800429c   0x00000184   Code   RO         4345    i._fp_digits        mc_w.l(printfa.o)
    0x08004420   0x08004420   0x0000000e   Code   RO         4512    i._is_digit         mc_w.l(scanf_fp.o)
    0x0800442e   0x0800442e   0x00000002   PAD
    0x08004430   0x08004430   0x000006dc   Code   RO         4346    i._printf_core      mc_w.l(printfa.o)
    0x08004b0c   0x08004b0c   0x00000024   Code   RO         4347    i._printf_post_padding  mc_w.l(printfa.o)
    0x08004b30   0x08004b30   0x0000002e   Code   RO         4348    i._printf_pre_padding  mc_w.l(printfa.o)
    0x08004b5e   0x08004b5e   0x0000000a   Code   RO         4350    i._sputc            mc_w.l(printfa.o)
    0x08004b68   0x08004b68   0x00000220   Code   RO         4407    i.atan              m_ws.l(atan.o)
    0x08004d88   0x08004d88   0x00000180   Code   RO         4077    i.atan2             m_ws.l(atan2.o)
    0x08004f08   0x08004f08   0x0000002a   Code   RO         4085    i.atof              m_ws.l(atof.o)
    0x08004f32   0x08004f32   0x00000002   PAD
    0x08004f34   0x08004f34   0x00000018   Code   RO         2862    i.fputc             main.o
    0x08004f4c   0x08004f4c   0x00000644   Code   RO         2863    i.main              main.o
    0x08005590   0x08005590   0x00000012   Data   RO          647    .constdata          stm32f1xx_hal_rcc.o
    0x080055a2   0x080055a2   0x00000010   Data   RO         2774    .constdata          system_stm32f1xx.o
    0x080055b2   0x080055b2   0x00000008   Data   RO         2775    .constdata          system_stm32f1xx.o
    0x080055ba   0x080055ba   0x000005f0   Data   RO         3520    .constdata          oled_data.o
    0x08005baa   0x08005baa   0x0000023a   Data   RO         3521    .constdata          oled_data.o
    0x08005de4   0x08005de4   0x00000103   Data   RO         3522    .constdata          oled_data.o
    0x08005ee7   0x08005ee7   0x00000001   PAD
    0x08005ee8   0x08005ee8   0x00000098   Data   RO         4408    .constdata          m_ws.l(atan.o)
    0x08005f80   0x08005f80   0x00000008   Data   RO         4430    .constdata          m_ws.l(qnan.o)
    0x08005f88   0x08005f88   0x00000081   Data   RO         4483    .constdata          mc_w.l(ctype_o.o)
    0x08006009   0x08006009   0x00000003   PAD
    0x0800600c   0x0800600c   0x00000004   Data   RO         4484    .constdata          mc_w.l(ctype_o.o)
    0x08006010   0x08006010   0x00000020   Data   RO         4525    Region$$Table       anon$$obj.o


    Execution Region RW_IRAM1 (Exec base: 0x20000000, Load base: 0x08006030, Size: 0x00000b90, Max: 0x00005000, ABSOLUTE)

    Exec Addr    Load Addr    Size         Type   Attr      Idx    E Section Name        Object

    0x20000000   0x08006030   0x0000000c   Data   RW          484    .data               stm32f1xx_hal.o
    0x2000000c   0x0800603c   0x00000004   Data   RW         2776    .data               system_stm32f1xx.o
    0x20000010   0x08006040   0x00000001   Data   RW         2864    .data               main.o
    0x20000011   0x08006041   0x00000003   PAD
    0x20000014   0x08006044   0x00000038   Data   RW         3546    .data               timer.o
    0x2000004c   0x0800607c   0x00000004   Data   RW         3600    .data               key.o
    0x20000050   0x08006080   0x00000004   Data   RW         3872    .data               uart.o
    0x20000054   0x08006084   0x0000000a   Data   RW         3960    .data               nrf24l01.o
    0x2000005e   0x0800608e   0x00000002   PAD
    0x20000060   0x08006090   0x00000004   Data   RW         4100    .data               mc_w.l(strtok.o)
    0x20000064   0x08006094   0x00000004   Data   RW         4445    .data               mc_w.l(stdout.o)
    0x20000068   0x08006098   0x00000004   Data   RW         4457    .data               mc_w.l(errno.o)
    0x2000006c        -       0x00000058   Zero   RW         3002    .bss                spi.o
    0x200000c4        -       0x00000120   Zero   RW         3048    .bss                tim.o
    0x200001e4        -       0x00000090   Zero   RW         3111    .bss                usart.o
    0x20000274        -       0x00000400   Zero   RW         3307    .bss                oled.o
    0x20000674        -       0x000000b4   Zero   RW         3541    .bss                timer.o
    0x20000728        -       0x00000064   Zero   RW         3871    .bss                uart.o
    0x2000078c   0x0800609c   0x00000004   PAD
    0x20000790        -       0x00000400   Zero   RW            1    STACK               startup_stm32f103xb.o


==============================================================================

Image component sizes


      Code (inc. data)   RO Data    RW Data    ZI Data      Debug   Object Name

       104         18          0          0          0       1377   encoder.o
       264         16          0          0          0       1007   gpio.o
       144         20          0          4          0       1757   key.o
      1726        384          0          1          0       4617   main.o
       148          6          0          0          0       1482   motor.o
       276          0          0          0          0       2799   mpu6050.o
       248         14          0          0          0       4549   myi2c.o
       416         22          0         10          0       6630   nrf24l01.o
      1280         48          0          0       1024      11342   oled.o
         0          0       2349          0          0       1066   oled_data.o
       186          0          0          0          0       1423   pid.o
        68         14          0          0          0       1327   pwm.o
       204         28          0          0         88       1665   spi.o
        36          8        236          0       1024        792   startup_stm32f103xb.o
       128         24          0         12          0       5257   stm32f1xx_hal.o
       198         14          0          0          0      28899   stm32f1xx_hal_cortex.o
       222          4          0          0          0       1751   stm32f1xx_hal_dma.o
       500         34          0          0          0       3487   stm32f1xx_hal_gpio.o
         0          0          0          0          0     432084   stm32f1xx_hal_gpio_ex.o
        60          8          0          0          0        862   stm32f1xx_hal_msp.o
      1240         84         18          0          0       5076   stm32f1xx_hal_rcc.o
       910          4          0          0          0       4637   stm32f1xx_hal_spi.o
      2128         70          0          0          0      19568   stm32f1xx_hal_tim.o
       108         12          0          0          0       2377   stm32f1xx_hal_tim_ex.o
      1650         10          0          0          0      11115   stm32f1xx_hal_uart.o
        60          8          0          0          0       4767   stm32f1xx_it.o
         2          0         24          4          0       1095   system_stm32f1xx.o
       788         66          0          0        288       4479   tim.o
       828        140          0         56        180       3500   timer.o
       176         30          0          4        100       2089   uart.o
       312         32          0          0        144       2359   usart.o

    ----------------------------------------------------------------------
     14446       1118       2660         96       2852     575235   Object Totals
         0          0         32          0          0          0   (incl. Generated)
        36          0          1          5          4          0   (incl. Padding)

    ----------------------------------------------------------------------

      Code (inc. data)   RO Data    RW Data    ZI Data      Debug   Library Member Name

       544         70        152          0          0        124   atan.o
       384         38          0          0          0        144   atan2.o
        42          0          0          0          0         84   atof.o
        26          6          0          0          0        204   dunder.o
        40          0          0          0          0         68   fpclassify.o
       170          0          0          0          0         96   poly.o
         0          0          8          0          0          0   qnan.o
        28          0          0          0          0         68   _chval.o
        64          0          0          0          0         84   _sgetc.o
       158          0          0          0          0         92   _strtoul.o
        26          0          0          0          0         80   atoi.o
         8          4        133          0          0         68   ctype_o.o
         0          0          0          0          0          0   entry.o
         0          0          0          0          0          0   entry10a.o
         0          0          0          0          0          0   entry11a.o
         8          4          0          0          0          0   entry2.o
         4          0          0          0          0          0   entry5.o
         0          0          0          0          0          0   entry7b.o
         0          0          0          0          0          0   entry8b.o
         8          4          0          0          0          0   entry9a.o
        32         16          0          4          0        204   errno.o
        30          0          0          0          0          0   handlers.o
        36          8          0          0          0         68   init.o
        18          0          0          0          0         76   isspace_o.o
         0          0          0          0          0          0   iusefp.o
        30          0          0          0          0         68   llshl.o
        36          0          0          0          0         68   llsshr.o
        32          0          0          0          0         68   llushr.o
        36          0          0          0          0        108   memseta.o
      2304         96          0          0          0        600   printfa.o
       878         12          0          0          0        216   scanf_fp.o
         0          0          0          4          0          0   stdout.o
        28          0          0          0          0         76   strcmp.o
       156         12          0          0          0        120   strtod.o
        68          6          0          4          0         80   strtok.o
       112          0          0          0          0         88   strtol.o
        44          0          0          0          0         80   uidiv.o
        98          0          0          0          0         92   uldiv.o
        48          0          0          0          0         68   cdrcmple.o
        20          0          0          0          0         68   cfcmple.o
        20          0          0          0          0         68   cfrcmple.o
        56          0          0          0          0         88   d2f.o
       334          0          0          0          0        148   dadd.o
       222          0          0          0          0        100   ddiv.o
       186          0          0          0          0        176   depilogue.o
        48          0          0          0          0         68   dfixul.o
        34          0          0          0          0         76   dflti.o
        24          0          0          0          0         76   dfltul.o
       228          0          0          0          0         96   dmul.o
        46          0          0          0          0         80   dscalb.o
        38          0          0          0          0         68   f2d.o
       176          0          0          0          0        140   fadd.o
       110          0          0          0          0        168   fepilogue.o
        50          0          0          0          0         68   ffixi.o
       100          0          0          0          0         76   fmul.o
        24          0          0          0          0         68   fscalb.o

    ----------------------------------------------------------------------
      7222        276        296         12          0       4824   Library Totals
        10          0          3          0          0          0   (incl. Padding)

    ----------------------------------------------------------------------

      Code (inc. data)   RO Data    RW Data    ZI Data      Debug   Library Name

      1206        114        160          0          0        720   m_ws.l
      4242        162        133         12          0       2404   mc_w.l
      1764          0          0          0          0       1700   mf_w.l

    ----------------------------------------------------------------------
      7222        276        296         12          0       4824   Library Totals

    ----------------------------------------------------------------------

==============================================================================


      Code (inc. data)   RO Data    RW Data    ZI Data      Debug   

     21668       1394       2956        108       2852     569707   Grand Totals
     21668       1394       2956        108       2852     569707   ELF Image Totals
     21668       1394       2956        108          0          0   ROM Totals

==============================================================================

    Total RO  Size (Code + RO Data)                24624 (  24.05kB)
    Total RW  Size (RW Data + ZI Data)              2960 (   2.89kB)
    Total ROM Size (Code + RO Data + RW Data)      24732 (  24.15kB)

==============================================================================

